=============== Log rollover at Wed Sep  2 09:37:29 2026 ===============
Starting Klippy...
Args: ['/opt/klipper/klippy/klippy.py', '/opt/printer_data/config/printer.cfg', '-l', '/opt/printer_data/logs/klippy.log']
Git version: 'f0892d8'
Branch: master
Remote: origin
Tracked URL: https://github.com/Klipper3d/klipper.git
CPU: 4 core ?
Device: OrangePi Zero 2W
Linux: Linux version 6.18.41-current-sunxi64 (build@armbian) (aarch64-linux-gnu-gcc (Debian 14.2.0-19) 14.2.0, GNU ld (GNU Binutils for Debian) 2.44) #3 SMP PREEMPT Thu Jul 30 11:05:57 UTC 2026
Python: '3.11.2 (main, May 12 2026, 05:17:27) [GCC 12.2.0]'
Building C code module c_helper.so
Start printer at Wed Sep  2 09:37:51 2026 (1788316671.8 48809.1)
===== Config file =====
[stepper_x]
step_pin = PC2
dir_pin = PB9
enable_pin = !PC3
microsteps = 16
rotation_distance = 40
endstop_pin = ^PA5
position_endstop = 0
position_max = 235
homing_speed = 50

[stepper_y]
step_pin = PB8
dir_pin = PB7
enable_pin = !PC3
microsteps = 16
rotation_distance = 40
endstop_pin = ^PA6
position_endstop = 0
position_max = 235
homing_speed = 50

[stepper_z]
step_pin = PB6
dir_pin = !PB5
enable_pin = !PC3
microsteps = 16
rotation_distance = 8
endstop_pin = ^PA7
position_endstop = 0.0
position_max = 250

[extruder]
max_extrude_only_distance = 100.0
step_pin = PB4
dir_pin = PB3
enable_pin = !PC3
microsteps = 16
rotation_distance = 34.406
nozzle_diameter = 0.400
filament_diameter = 1.750
heater_pin = PA1
sensor_type = EPCOS 100K B57560G104F
sensor_pin = PC5
control = pid
pid_kp = 21.527
pid_ki = 1.063
pid_kd = 108.982
min_temp = 0
max_temp = 250

[heater_bed]
heater_pin = PA2
sensor_type = EPCOS 100K B57560G104F
sensor_pin = PC4
control = pid
pid_kp = 54.027
pid_ki = 0.770
pid_kd = 948.182
min_temp = 0
max_temp = 130

[fan]
pin = PA0

[mcu]
serial = /dev/serial/by-id/usb-1a86_USB_Serial-if00-port0
restart_method = command

[printer]
kinematics = cartesian
max_velocity = 300
max_accel = 3000
max_z_velocity = 5
max_z_accel = 100

[display]
lcd_type = st7920
cs_pin = PB12
sclk_pin = PB13
sid_pin = PB15
encoder_pins = ^PB14, ^PB10
click_pin = ^!PB2
=======================
Extruder max_extrude_ratio=0.266081
mcu 'mcu': Starting serial connect
mcu 'mcu': Unable to open serial port: [Errno 2] could not open port /dev/serial/by-id/usb-1a86_USB_Serial-if00-port0: [Errno 2] No such file or directory: '/dev/serial/by-id/usb-1a86_USB_Serial-if00-port0'
mcu 'mcu': Unable to open serial port: [Errno 2] could not open port /dev/serial/by-id/usb-1a86_USB_Serial-if00-port0: [Errno 2] No such file or directory: '/dev/serial/by-id/usb-1a86_USB_Serial-if00-port0'
mcu 'mcu': Unable to open serial port: [Errno 2] could not open port /dev/serial/by-id/usb-1a86_USB_Serial-if00-port0: [Errno 2] No such file or directory: '/dev/serial/by-id/usb-1a86_USB_Serial-if00-port0'
mcu 'mcu': Unable to open serial port: [Errno 2] could not open port /dev/serial/by-id/usb-1a86_USB_Serial-if00-port0: [Errno 2] No such file or directory: '/dev/serial/by-id/usb-1a86_USB_Serial-if00-port0'
mcu 'mcu': Unable to open serial port: [Errno 2] could not open port /dev/serial/by-id/usb-1a86_USB_Serial-if00-port0: [Errno 2] No such file or directory: '/dev/serial/by-id/usb-1a86_USB_Serial-if00-port0'
mcu 'mcu': Unable to open serial port: [Errno 2] could not open port /dev/serial/by-id/usb-1a86_USB_Serial-if00-port0: [Errno 2] No such file or directory: '/dev/serial/by-id/usb-1a86_USB_Serial-if00-port0'
mcu 'mcu': Unable to open serial port: [Errno 2] could not open port /dev/serial/by-id/usb-1a86_USB_Serial-if00-port0: [Errno 2] No such file or directory: '/dev/serial/by-id/usb-1a86_USB_Serial-if00-port0'
mcu 'mcu': Unable to open serial port: [Errno 2] could not open port /dev/serial/by-id/usb-1a86_USB_Serial-if00-port0: [Errno 2] No such file or directory: '/dev/serial/by-id/usb-1a86_USB_Serial-if00-port0'
mcu 'mcu': Unable to open serial port: [Errno 2] could not open port /dev/serial/by-id/usb-1a86_USB_Serial-if00-port0: [Errno 2] No such file or directory: '/dev/serial/by-id/usb-1a86_USB_Serial-if00-port0'
mcu 'mcu': Unable to open serial port: [Errno 2] could not open port /dev/serial/by-id/usb-1a86_USB_Serial-if00-port0: [Errno 2] No such file or directory: '/dev/serial/by-id/usb-1a86_USB_Serial-if00-port0'
mcu 'mcu': Unable to open serial port: [Errno 2] could not open port /dev/serial/by-id/usb-1a86_USB_Serial-if00-port0: [Errno 2] No such file or directory: '/dev/serial/by-id/usb-1a86_USB_Serial-if00-port0'
mcu 'mcu': Unable to open serial port: [Errno 2] could not open port /dev/serial/by-id/usb-1a86_USB_Serial-if00-port0: [Errno 2] No such file or directory: '/dev/serial/by-id/usb-1a86_USB_Serial-if00-port0'
INFO:root:Starting Klippy...
WARNING:root:No log file specified! Severe timing issues may result!
INFO:root:Building C code module c_helper.so
INFO:root:Start printer at Wed Sep  2 09:39:35 2026 (1788316775.4 48912.7)
INFO:root:Extruder max_extrude_ratio=0.266081
INFO:root:mcu 'mcu': Starting serial connect
WARNING:root:mcu 'mcu': Unable to open serial port: [Errno 2] could not open port /dev/serial/by-id/usb-1a86_USB_Serial-if00-port0: [Errno 2] No such file or directory: '/dev/serial/by-id/usb-1a86_USB_Serial-if00-port0'
WARNING:root:mcu 'mcu': Unable to open serial port: [Errno 2] could not open port /dev/serial/by-id/usb-1a86_USB_Serial-if00-port0: [Errno 2] No such file or directory: '/dev/serial/by-id/usb-1a86_USB_Serial-if00-port0'
WARNING:root:mcu 'mcu': Unable to open serial port: [Errno 2] could not open port /dev/serial/by-id/usb-1a86_USB_Serial-if00-port0: [Errno 2] No such file or directory: '/dev/serial/by-id/usb-1a86_USB_Serial-if00-port0'
WARNING:root:mcu 'mcu': Unable to open serial port: [Errno 2] could not open port /dev/serial/by-id/usb-1a86_USB_Serial-if00-port0: [Errno 2] No such file or directory: '/dev/serial/by-id/usb-1a86_USB_Serial-if00-port0'
Starting Klippy...
Args: ['/opt/klipper/klippy/klippy.py', '/opt/printer_data/config/printer.cfg', '-l', '/opt/printer_data/logs/klippy.log']
Git version: 'f0892d8'
Branch: master
Remote: origin
Tracked URL: https://github.com/Klipper3d/klipper.git
CPU: 4 core ?
Device: OrangePi Zero 2W
Linux: Linux version 6.18.41-current-sunxi64 (build@armbian) (aarch64-linux-gnu-gcc (Debian 14.2.0-19) 14.2.0, GNU ld (GNU Binutils for Debian) 2.44) #3 SMP PREEMPT Thu Jul 30 11:05:57 UTC 2026
Python: '3.11.2 (main, May 12 2026, 05:17:27) [GCC 12.2.0]'
Building C code module c_helper.so
Start printer at Wed Sep  2 09:40:43 2026 (1788316843.2 48980.4)
===== Config file =====
[stepper_x]
step_pin = PC2
dir_pin = PB9
enable_pin = !PC3
microsteps = 16
rotation_distance = 40
endstop_pin = ^PA5
position_endstop = 0
position_max = 235
homing_speed = 50

[stepper_y]
step_pin = PB8
dir_pin = PB7
enable_pin = !PC3
microsteps = 16
rotation_distance = 40
endstop_pin = ^PA6
position_endstop = 0
position_max = 235
homing_speed = 50

[stepper_z]
step_pin = PB6
dir_pin = !PB5
enable_pin = !PC3
microsteps = 16
rotation_distance = 8
endstop_pin = ^PA7
position_endstop = 0.0
position_max = 250

[extruder]
max_extrude_only_distance = 100.0
step_pin = PB4
dir_pin = PB3
enable_pin = !PC3
microsteps = 16
rotation_distance = 34.406
nozzle_diameter = 0.400
filament_diameter = 1.750
heater_pin = PA1
sensor_type = EPCOS 100K B57560G104F
sensor_pin = PC5
control = pid
pid_kp = 21.527
pid_ki = 1.063
pid_kd = 108.982
min_temp = 0
max_temp = 250

[heater_bed]
heater_pin = PA2
sensor_type = EPCOS 100K B57560G104F
sensor_pin = PC4
control = pid
pid_kp = 54.027
pid_ki = 0.770
pid_kd = 948.182
min_temp = 0
max_temp = 130

[fan]
pin = PA0

[mcu]
serial = /dev/serial/by-id/usb-1a86_USB_Serial-if00-port0
restart_method = command

[printer]
kinematics = cartesian
max_velocity = 300
max_accel = 3000
max_z_velocity = 5
max_z_accel = 100

[display]
lcd_type = st7920
cs_pin = PB12
sclk_pin = PB13
sid_pin = PB15
encoder_pins = ^PB14, ^PB10
click_pin = ^!PB2
=======================
Extruder max_extrude_ratio=0.266081
mcu 'mcu': Starting serial connect
mcu 'mcu': Unable to open serial port: [Errno 2] could not open port /dev/serial/by-id/usb-1a86_USB_Serial-if00-port0: [Errno 2] No such file or directory: '/dev/serial/by-id/usb-1a86_USB_Serial-if00-port0'
mcu 'mcu': Unable to open serial port: [Errno 2] could not open port /dev/serial/by-id/usb-1a86_USB_Serial-if00-port0: [Errno 2] No such file or directory: '/dev/serial/by-id/usb-1a86_USB_Serial-if00-port0'
mcu 'mcu': Unable to open serial port: [Errno 2] could not open port /dev/serial/by-id/usb-1a86_USB_Serial-if00-port0: [Errno 2] No such file or directory: '/dev/serial/by-id/usb-1a86_USB_Serial-if00-port0'
mcu 'mcu': Unable to open serial port: [Errno 2] could not open port /dev/serial/by-id/usb-1a86_USB_Serial-if00-port0: [Errno 2] No such file or directory: '/dev/serial/by-id/usb-1a86_USB_Serial-if00-port0'
mcu 'mcu': Unable to open serial port: [Errno 2] could not open port /dev/serial/by-id/usb-1a86_USB_Serial-if00-port0: [Errno 2] No such file or directory: '/dev/serial/by-id/usb-1a86_USB_Serial-if00-port0'
mcu 'mcu': Unable to open serial port: [Errno 2] could not open port /dev/serial/by-id/usb-1a86_USB_Serial-if00-port0: [Errno 2] No such file or directory: '/dev/serial/by-id/usb-1a86_USB_Serial-if00-port0'
mcu 'mcu': Unable to open serial port: [Errno 2] could not open port /dev/serial/by-id/usb-1a86_USB_Serial-if00-port0: [Errno 2] No such file or directory: '/dev/serial/by-id/usb-1a86_USB_Serial-if00-port0'
mcu 'mcu': Unable to open serial port: [Errno 2] could not open port /dev/serial/by-id/usb-1a86_USB_Serial-if00-port0: [Errno 2] No such file or directory: '/dev/serial/by-id/usb-1a86_USB_Serial-if00-port0'
mcu 'mcu': Unable to open serial port: [Errno 2] could not open port /dev/serial/by-id/usb-1a86_USB_Serial-if00-port0: [Errno 2] No such file or directory: '/dev/serial/by-id/usb-1a86_USB_Serial-if00-port0'
mcu 'mcu': Unable to open serial port: [Errno 2] could not open port /dev/serial/by-id/usb-1a86_USB_Serial-if00-port0: [Errno 2] No such file or directory: '/dev/serial/by-id/usb-1a86_USB_Serial-if00-port0'
mcu 'mcu': Unable to open serial port: [Errno 2] could not open port /dev/serial/by-id/usb-1a86_USB_Serial-if00-port0: [Errno 2] No such file or directory: '/dev/serial/by-id/usb-1a86_USB_Serial-if00-port0'
mcu 'mcu': Unable to open serial port: [Errno 2] could not open port /dev/serial/by-id/usb-1a86_USB_Serial-if00-port0: [Errno 2] No such file or directory: '/dev/serial/by-id/usb-1a86_USB_Serial-if00-port0'
mcu 'mcu': Unable to open serial port: [Errno 2] could not open port /dev/serial/by-id/usb-1a86_USB_Serial-if00-port0: [Errno 2] No such file or directory: '/dev/serial/by-id/usb-1a86_USB_Serial-if00-port0'
mcu 'mcu': Unable to open serial port: [Errno 2] could not open port /dev/serial/by-id/usb-1a86_USB_Serial-if00-port0: [Errno 2] No such file or directory: '/dev/serial/by-id/usb-1a86_USB_Serial-if00-port0'
mcu 'mcu': Unable to open serial port: [Errno 2] could not open port /dev/serial/by-id/usb-1a86_USB_Serial-if00-port0: [Errno 2] No such file or directory: '/dev/serial/by-id/usb-1a86_USB_Serial-if00-port0'
mcu 'mcu': Unable to open serial port: [Errno 2] could not open port /dev/serial/by-id/usb-1a86_USB_Serial-if00-port0: [Errno 2] No such file or directory: '/dev/serial/by-id/usb-1a86_USB_Serial-if00-port0'
mcu 'mcu': Unable to open serial port: [Errno 2] could not open port /dev/serial/by-id/usb-1a86_USB_Serial-if00-port0: [Errno 2] No such file or directory: '/dev/serial/by-id/usb-1a86_USB_Serial-if00-port0'
mcu 'mcu': Unable to open serial port: [Errno 2] could not open port /dev/serial/by-id/usb-1a86_USB_Serial-if00-port0: [Errno 2] No such file or directory: '/dev/serial/by-id/usb-1a86_USB_Serial-if00-port0'
MCU error during connect
Traceback (most recent call last):
  File "/opt/klipper/klippy/mcu.py", line 866, in _attach
    self._serial.connect_uart(self._serialport, self._baud, rts)
  File "/opt/klipper/klippy/serialhdl.py", line 191, in connect_uart
    self._error("Unable to connect")
  File "/opt/klipper/klippy/serialhdl.py", line 68, in _error
    raise error(self.warn_prefix + (msg % params))
serialhdl.error: mcu 'mcu': Unable to connect

During handling of the above exception, another exception occurred:

Traceback (most recent call last):
  File "/opt/klipper/klippy/klippy.py", line 131, in _connect
    self.send_event("klippy:mcu_identify")
  File "/opt/klipper/klippy/klippy.py", line 227, in send_event
    return [cb(*params) for cb in self.event_handlers.get(event, [])]
           ^^^^^^^^^^^^^^^^^^^^^^^^^^^^^^^^^^^^^^^^^^^^^^^^^^^^^^^^^^
  File "/opt/klipper/klippy/klippy.py", line 227, in <listcomp>
    return [cb(*params) for cb in self.event_handlers.get(event, [])]
            ^^^^^^^^^^^
  File "/opt/klipper/klippy/mcu.py", line 876, in _mcu_identify
    self._attach()
  File "/opt/klipper/klippy/mcu.py", line 871, in _attach
    raise error(str(e))
mcu.error: mcu 'mcu': Unable to connect
mcu 'mcu': Unable to connect
Once the underlying issue is corrected, use the
"FIRMWARE_RESTART" command to reset the firmware, reload the
config, and restart the host software.
Error configuring printer

No build file /opt/klipper/klippy/../.config
No build file /opt/klipper/klippy/../out/klipper.dict
No build file /opt/klipper/klippy/../out/klipper.elf
Starting Klippy...
Args: ['/opt/klipper/klippy/klippy.py', '/opt/printer_data/config/printer.cfg', '-a', '/opt/printer_data/run/klippy.sock', '-l', '/opt/printer_data/logs/klippy.log']
Git version: 'f0892d8'
Branch: master
Remote: origin
Tracked URL: https://github.com/Klipper3d/klipper.git
CPU: 4 core ?
Device: OrangePi Zero 2W
Linux: Linux version 6.18.41-current-sunxi64 (build@armbian) (aarch64-linux-gnu-gcc (Debian 14.2.0-19) 14.2.0, GNU ld (GNU Binutils for Debian) 2.44) #3 SMP PREEMPT Thu Jul 30 11:05:57 UTC 2026
Python: '3.11.2 (main, May 12 2026, 05:17:27) [GCC 12.2.0]'
Building C code module c_helper.so
Start printer at Wed Sep  2 09:43:06 2026 (1788316986.7 49123.9)
===== Config file =====
[stepper_x]
step_pin = PC2
dir_pin = PB9
enable_pin = !PC3
microsteps = 16
rotation_distance = 40
endstop_pin = ^PA5
position_endstop = 0
position_max = 235
homing_speed = 50

[stepper_y]
step_pin = PB8
dir_pin = PB7
enable_pin = !PC3
microsteps = 16
rotation_distance = 40
endstop_pin = ^PA6
position_endstop = 0
position_max = 235
homing_speed = 50

[stepper_z]
step_pin = PB6
dir_pin = !PB5
enable_pin = !PC3
microsteps = 16
rotation_distance = 8
endstop_pin = ^PA7
position_endstop = 0.0
position_max = 250

[extruder]
max_extrude_only_distance = 100.0
step_pin = PB4
dir_pin = PB3
enable_pin = !PC3
microsteps = 16
rotation_distance = 34.406
nozzle_diameter = 0.400
filament_diameter = 1.750
heater_pin = PA1
sensor_type = EPCOS 100K B57560G104F
sensor_pin = PC5
control = pid
pid_kp = 21.527
pid_ki = 1.063
pid_kd = 108.982
min_temp = 0
max_temp = 250

[heater_bed]
heater_pin = PA2
sensor_type = EPCOS 100K B57560G104F
sensor_pin = PC4
control = pid
pid_kp = 54.027
pid_ki = 0.770
pid_kd = 948.182
min_temp = 0
max_temp = 130

[fan]
pin = PA0

[mcu]
serial = /dev/serial/by-id/usb-1a86_USB_Serial-if00-port0
restart_method = command

[printer]
kinematics = cartesian
max_velocity = 300
max_accel = 3000
max_z_velocity = 5
max_z_accel = 100

[display]
lcd_type = st7920
cs_pin = PB12
sclk_pin = PB13
sid_pin = PB15
encoder_pins = ^PB14, ^PB10
click_pin = ^!PB2
=======================
Extruder max_extrude_ratio=0.266081
mcu 'mcu': Starting serial connect
mcu 'mcu': Unable to open serial port: [Errno 2] could not open port /dev/serial/by-id/usb-1a86_USB_Serial-if00-port0: [Errno 2] No such file or directory: '/dev/serial/by-id/usb-1a86_USB_Serial-if00-port0'
mcu 'mcu': Unable to open serial port: [Errno 2] could not open port /dev/serial/by-id/usb-1a86_USB_Serial-if00-port0: [Errno 2] No such file or directory: '/dev/serial/by-id/usb-1a86_USB_Serial-if00-port0'
mcu 'mcu': Unable to open serial port: [Errno 2] could not open port /dev/serial/by-id/usb-1a86_USB_Serial-if00-port0: [Errno 2] No such file or directory: '/dev/serial/by-id/usb-1a86_USB_Serial-if00-port0'
mcu 'mcu': Unable to open serial port: [Errno 2] could not open port /dev/serial/by-id/usb-1a86_USB_Serial-if00-port0: [Errno 2] No such file or directory: '/dev/serial/by-id/usb-1a86_USB_Serial-if00-port0'
mcu 'mcu': Unable to open serial port: [Errno 2] could not open port /dev/serial/by-id/usb-1a86_USB_Serial-if00-port0: [Errno 2] No such file or directory: '/dev/serial/by-id/usb-1a86_USB_Serial-if00-port0'
mcu 'mcu': Unable to open serial port: [Errno 2] could not open port /dev/serial/by-id/usb-1a86_USB_Serial-if00-port0: [Errno 2] No such file or directory: '/dev/serial/by-id/usb-1a86_USB_Serial-if00-port0'
mcu 'mcu': Unable to open serial port: [Errno 2] could not open port /dev/serial/by-id/usb-1a86_USB_Serial-if00-port0: [Errno 2] No such file or directory: '/dev/serial/by-id/usb-1a86_USB_Serial-if00-port0'
mcu 'mcu': Unable to open serial port: [Errno 2] could not open port /dev/serial/by-id/usb-1a86_USB_Serial-if00-port0: [Errno 2] No such file or directory: '/dev/serial/by-id/usb-1a86_USB_Serial-if00-port0'
mcu 'mcu': Unable to open serial port: [Errno 2] could not open port /dev/serial/by-id/usb-1a86_USB_Serial-if00-port0: [Errno 2] No such file or directory: '/dev/serial/by-id/usb-1a86_USB_Serial-if00-port0'
mcu 'mcu': Unable to open serial port: [Errno 2] could not open port /dev/serial/by-id/usb-1a86_USB_Serial-if00-port0: [Errno 2] No such file or directory: '/dev/serial/by-id/usb-1a86_USB_Serial-if00-port0'
mcu 'mcu': Unable to open serial port: [Errno 2] could not open port /dev/serial/by-id/usb-1a86_USB_Serial-if00-port0: [Errno 2] No such file or directory: '/dev/serial/by-id/usb-1a86_USB_Serial-if00-port0'
mcu 'mcu': Unable to open serial port: [Errno 2] could not open port /dev/serial/by-id/usb-1a86_USB_Serial-if00-port0: [Errno 2] No such file or directory: '/dev/serial/by-id/usb-1a86_USB_Serial-if00-port0'
mcu 'mcu': Unable to open serial port: [Errno 2] could not open port /dev/serial/by-id/usb-1a86_USB_Serial-if00-port0: [Errno 2] No such file or directory: '/dev/serial/by-id/usb-1a86_USB_Serial-if00-port0'
mcu 'mcu': Unable to open serial port: [Errno 2] could not open port /dev/serial/by-id/usb-1a86_USB_Serial-if00-port0: [Errno 2] No such file or directory: '/dev/serial/by-id/usb-1a86_USB_Serial-if00-port0'
Starting Klippy...
Args: ['/opt/klipper/klippy/klippy.py', '/opt/printer_data/config/printer.cfg', '-a', '/opt/printer_data/run/klippy.sock', '-l', '/opt/printer_data/logs/klippy.log']
Git version: 'f0892d8'
Branch: master
Remote: origin
Tracked URL: https://github.com/Klipper3d/klipper.git
CPU: 4 core ?
Device: OrangePi Zero 2W
Linux: Linux version 6.18.41-current-sunxi64 (build@armbian) (aarch64-linux-gnu-gcc (Debian 14.2.0-19) 14.2.0, GNU ld (GNU Binutils for Debian) 2.44) #3 SMP PREEMPT Thu Jul 30 11:05:57 UTC 2026
Python: '3.11.2 (main, May 12 2026, 05:17:27) [GCC 12.2.0]'
Building C code module c_helper.so
Start printer at Wed Sep  2 09:44:44 2026 (1788317084.3 49221.6)
===== Config file =====
[stepper_x]
step_pin = PC2
dir_pin = PB9
enable_pin = !PC3
microsteps = 16
rotation_distance = 40
endstop_pin = ^PA5
position_endstop = 0
position_max = 235
homing_speed = 50

[stepper_y]
step_pin = PB8
dir_pin = PB7
enable_pin = !PC3
microsteps = 16
rotation_distance = 40
endstop_pin = ^PA6
position_endstop = 0
position_max = 235
homing_speed = 50

[stepper_z]
step_pin = PB6
dir_pin = !PB5
enable_pin = !PC3
microsteps = 16
rotation_distance = 8
endstop_pin = ^PA7
position_endstop = 0.0
position_max = 250

[extruder]
max_extrude_only_distance = 100.0
step_pin = PB4
dir_pin = PB3
enable_pin = !PC3
microsteps = 16
rotation_distance = 34.406
nozzle_diameter = 0.400
filament_diameter = 1.750
heater_pin = PA1
sensor_type = EPCOS 100K B57560G104F
sensor_pin = PC5
control = pid
pid_kp = 21.527
pid_ki = 1.063
pid_kd = 108.982
min_temp = 0
max_temp = 250

[heater_bed]
heater_pin = PA2
sensor_type = EPCOS 100K B57560G104F
sensor_pin = PC4
control = pid
pid_kp = 54.027
pid_ki = 0.770
pid_kd = 948.182
min_temp = 0
max_temp = 130

[fan]
pin = PA0

[mcu]
serial = /dev/serial/by-id/usb-1a86_USB_Serial-if00-port0
restart_method = command

[printer]
kinematics = cartesian
max_velocity = 300
max_accel = 3000
max_z_velocity = 5
max_z_accel = 100

[display]
lcd_type = st7920
cs_pin = PB12
sclk_pin = PB13
sid_pin = PB15
encoder_pins = ^PB14, ^PB10
click_pin = ^!PB2
=======================
Extruder max_extrude_ratio=0.266081
mcu 'mcu': Starting serial connect
mcu 'mcu': Unable to open serial port: [Errno 2] could not open port /dev/serial/by-id/usb-1a86_USB_Serial-if00-port0: [Errno 2] No such file or directory: '/dev/serial/by-id/usb-1a86_USB_Serial-if00-port0'
mcu 'mcu': Unable to open serial port: [Errno 2] could not open port /dev/serial/by-id/usb-1a86_USB_Serial-if00-port0: [Errno 2] No such file or directory: '/dev/serial/by-id/usb-1a86_USB_Serial-if00-port0'
mcu 'mcu': Unable to open serial port: [Errno 2] could not open port /dev/serial/by-id/usb-1a86_USB_Serial-if00-port0: [Errno 2] No such file or directory: '/dev/serial/by-id/usb-1a86_USB_Serial-if00-port0'
mcu 'mcu': Unable to open serial port: [Errno 2] could not open port /dev/serial/by-id/usb-1a86_USB_Serial-if00-port0: [Errno 2] No such file or directory: '/dev/serial/by-id/usb-1a86_USB_Serial-if00-port0'
mcu 'mcu': Unable to open serial port: [Errno 2] could not open port /dev/serial/by-id/usb-1a86_USB_Serial-if00-port0: [Errno 2] No such file or directory: '/dev/serial/by-id/usb-1a86_USB_Serial-if00-port0'
mcu 'mcu': Unable to open serial port: [Errno 2] could not open port /dev/serial/by-id/usb-1a86_USB_Serial-if00-port0: [Errno 2] No such file or directory: '/dev/serial/by-id/usb-1a86_USB_Serial-if00-port0'
mcu 'mcu': Unable to open serial port: [Errno 2] could not open port /dev/serial/by-id/usb-1a86_USB_Serial-if00-port0: [Errno 2] No such file or directory: '/dev/serial/by-id/usb-1a86_USB_Serial-if00-port0'
mcu 'mcu': Unable to open serial port: [Errno 2] could not open port /dev/serial/by-id/usb-1a86_USB_Serial-if00-port0: [Errno 2] No such file or directory: '/dev/serial/by-id/usb-1a86_USB_Serial-if00-port0'
mcu 'mcu': Unable to open serial port: [Errno 2] could not open port /dev/serial/by-id/usb-1a86_USB_Serial-if00-port0: [Errno 2] No such file or directory: '/dev/serial/by-id/usb-1a86_USB_Serial-if00-port0'
mcu 'mcu': Unable to open serial port: [Errno 2] could not open port /dev/serial/by-id/usb-1a86_USB_Serial-if00-port0: [Errno 2] No such file or directory: '/dev/serial/by-id/usb-1a86_USB_Serial-if00-port0'
mcu 'mcu': Unable to open serial port: [Errno 2] could not open port /dev/serial/by-id/usb-1a86_USB_Serial-if00-port0: [Errno 2] No such file or directory: '/dev/serial/by-id/usb-1a86_USB_Serial-if00-port0'
mcu 'mcu': Unable to open serial port: [Errno 2] could not open port /dev/serial/by-id/usb-1a86_USB_Serial-if00-port0: [Errno 2] No such file or directory: '/dev/serial/by-id/usb-1a86_USB_Serial-if00-port0'
mcu 'mcu': Unable to open serial port: [Errno 2] could not open port /dev/serial/by-id/usb-1a86_USB_Serial-if00-port0: [Errno 2] No such file or directory: '/dev/serial/by-id/usb-1a86_USB_Serial-if00-port0'
mcu 'mcu': Unable to open serial port: [Errno 2] could not open port /dev/serial/by-id/usb-1a86_USB_Serial-if00-port0: [Errno 2] No such file or directory: '/dev/serial/by-id/usb-1a86_USB_Serial-if00-port0'
mcu 'mcu': Unable to open serial port: [Errno 2] could not open port /dev/serial/by-id/usb-1a86_USB_Serial-if00-port0: [Errno 2] No such file or directory: '/dev/serial/by-id/usb-1a86_USB_Serial-if00-port0'
mcu 'mcu': Unable to open serial port: [Errno 2] could not open port /dev/serial/by-id/usb-1a86_USB_Serial-if00-port0: [Errno 2] No such file or directory: '/dev/serial/by-id/usb-1a86_USB_Serial-if00-port0'
Starting Klippy...
Args: ['/opt/klipper/klippy/klippy.py', '/opt/printer_data/config/printer.cfg', '-a', '/opt/printer_data/run/klippy.sock', '-l', '/opt/printer_data/logs/klippy.log']
Git version: 'f0892d8'
Branch: master
Remote: origin
Tracked URL: https://github.com/Klipper3d/klipper.git
CPU: 4 core ?
Device: OrangePi Zero 2W
Linux: Linux version 6.18.41-current-sunxi64 (build@armbian) (aarch64-linux-gnu-gcc (Debian 14.2.0-19) 14.2.0, GNU ld (GNU Binutils for Debian) 2.44) #3 SMP PREEMPT Thu Jul 30 11:05:57 UTC 2026
Python: '3.11.2 (main, May 12 2026, 05:17:27) [GCC 12.2.0]'
Building C code module c_helper.so
Start printer at Wed Sep  2 09:46:28 2026 (1788317188.9 49326.1)
===== Config file =====
[stepper_x]
step_pin = PC2
dir_pin = PB9
enable_pin = !PC3
microsteps = 16
rotation_distance = 40
endstop_pin = ^PA5
position_endstop = 0
position_max = 235
homing_speed = 50

[stepper_y]
step_pin = PB8
dir_pin = PB7
enable_pin = !PC3
microsteps = 16
rotation_distance = 40
endstop_pin = ^PA6
position_endstop = 0
position_max = 235
homing_speed = 50

[stepper_z]
step_pin = PB6
dir_pin = !PB5
enable_pin = !PC3
microsteps = 16
rotation_distance = 8
endstop_pin = ^PA7
position_endstop = 0.0
position_max = 250

[extruder]
max_extrude_only_distance = 100.0
step_pin = PB4
dir_pin = PB3
enable_pin = !PC3
microsteps = 16
rotation_distance = 34.406
nozzle_diameter = 0.400
filament_diameter = 1.750
heater_pin = PA1
sensor_type = EPCOS 100K B57560G104F
sensor_pin = PC5
control = pid
pid_kp = 21.527
pid_ki = 1.063
pid_kd = 108.982
min_temp = 0
max_temp = 250

[heater_bed]
heater_pin = PA2
sensor_type = EPCOS 100K B57560G104F
sensor_pin = PC4
control = pid
pid_kp = 54.027
pid_ki = 0.770
pid_kd = 948.182
min_temp = 0
max_temp = 130

[fan]
pin = PA0

[mcu]
serial = /dev/serial/by-id/usb-1a86_USB_Serial-if00-port0
restart_method = command

[printer]
kinematics = cartesian
max_velocity = 300
max_accel = 3000
max_z_velocity = 5
max_z_accel = 100

[display]
lcd_type = st7920
cs_pin = PB12
sclk_pin = PB13
sid_pin = PB15
encoder_pins = ^PB14, ^PB10
click_pin = ^!PB2
=======================
Extruder max_extrude_ratio=0.266081
mcu 'mcu': Starting serial connect
mcu 'mcu': Unable to open serial port: [Errno 2] could not open port /dev/serial/by-id/usb-1a86_USB_Serial-if00-port0: [Errno 2] No such file or directory: '/dev/serial/by-id/usb-1a86_USB_Serial-if00-port0'
mcu 'mcu': Unable to open serial port: [Errno 2] could not open port /dev/serial/by-id/usb-1a86_USB_Serial-if00-port0: [Errno 2] No such file or directory: '/dev/serial/by-id/usb-1a86_USB_Serial-if00-port0'
mcu 'mcu': Unable to open serial port: [Errno 2] could not open port /dev/serial/by-id/usb-1a86_USB_Serial-if00-port0: [Errno 2] No such file or directory: '/dev/serial/by-id/usb-1a86_USB_Serial-if00-port0'
mcu 'mcu': Unable to open serial port: [Errno 2] could not open port /dev/serial/by-id/usb-1a86_USB_Serial-if00-port0: [Errno 2] No such file or directory: '/dev/serial/by-id/usb-1a86_USB_Serial-if00-port0'
mcu 'mcu': Unable to open serial port: [Errno 2] could not open port /dev/serial/by-id/usb-1a86_USB_Serial-if00-port0: [Errno 2] No such file or directory: '/dev/serial/by-id/usb-1a86_USB_Serial-if00-port0'
mcu 'mcu': Unable to open serial port: [Errno 2] could not open port /dev/serial/by-id/usb-1a86_USB_Serial-if00-port0: [Errno 2] No such file or directory: '/dev/serial/by-id/usb-1a86_USB_Serial-if00-port0'
mcu 'mcu': Unable to open serial port: [Errno 2] could not open port /dev/serial/by-id/usb-1a86_USB_Serial-if00-port0: [Errno 2] No such file or directory: '/dev/serial/by-id/usb-1a86_USB_Serial-if00-port0'
mcu 'mcu': Unable to open serial port: [Errno 2] could not open port /dev/serial/by-id/usb-1a86_USB_Serial-if00-port0: [Errno 2] No such file or directory: '/dev/serial/by-id/usb-1a86_USB_Serial-if00-port0'
mcu 'mcu': Unable to open serial port: [Errno 2] could not open port /dev/serial/by-id/usb-1a86_USB_Serial-if00-port0: [Errno 2] No such file or directory: '/dev/serial/by-id/usb-1a86_USB_Serial-if00-port0'
mcu 'mcu': Unable to open serial port: [Errno 2] could not open port /dev/serial/by-id/usb-1a86_USB_Serial-if00-port0: [Errno 2] No such file or directory: '/dev/serial/by-id/usb-1a86_USB_Serial-if00-port0'
mcu 'mcu': Unable to open serial port: [Errno 2] could not open port /dev/serial/by-id/usb-1a86_USB_Serial-if00-port0: [Errno 2] No such file or directory: '/dev/serial/by-id/usb-1a86_USB_Serial-if00-port0'
mcu 'mcu': Unable to open serial port: [Errno 2] could not open port /dev/serial/by-id/usb-1a86_USB_Serial-if00-port0: [Errno 2] No such file or directory: '/dev/serial/by-id/usb-1a86_USB_Serial-if00-port0'
mcu 'mcu': Unable to open serial port: [Errno 2] could not open port /dev/serial/by-id/usb-1a86_USB_Serial-if00-port0: [Errno 2] No such file or directory: '/dev/serial/by-id/usb-1a86_USB_Serial-if00-port0'
mcu 'mcu': Unable to open serial port: [Errno 2] could not open port /dev/serial/by-id/usb-1a86_USB_Serial-if00-port0: [Errno 2] No such file or directory: '/dev/serial/by-id/usb-1a86_USB_Serial-if00-port0'
mcu 'mcu': Unable to open serial port: [Errno 2] could not open port /dev/serial/by-id/usb-1a86_USB_Serial-if00-port0: [Errno 2] No such file or directory: '/dev/serial/by-id/usb-1a86_USB_Serial-if00-port0'
mcu 'mcu': Unable to open serial port: [Errno 2] could not open port /dev/serial/by-id/usb-1a86_USB_Serial-if00-port0: [Errno 2] No such file or directory: '/dev/serial/by-id/usb-1a86_USB_Serial-if00-port0'
mcu 'mcu': Unable to open serial port: [Errno 2] could not open port /dev/serial/by-id/usb-1a86_USB_Serial-if00-port0: [Errno 2] No such file or directory: '/dev/serial/by-id/usb-1a86_USB_Serial-if00-port0'
mcu 'mcu': Unable to open serial port: [Errno 2] could not open port /dev/serial/by-id/usb-1a86_USB_Serial-if00-port0: [Errno 2] No such file or directory: '/dev/serial/by-id/usb-1a86_USB_Serial-if00-port0'
MCU error during connect
Traceback (most recent call last):
  File "/opt/klipper/klippy/mcu.py", line 866, in _attach
    self._serial.connect_uart(self._serialport, self._baud, rts)
  File "/opt/klipper/klippy/serialhdl.py", line 191, in connect_uart
    self._error("Unable to connect")
  File "/opt/klipper/klippy/serialhdl.py", line 68, in _error
    raise error(self.warn_prefix + (msg % params))
serialhdl.error: mcu 'mcu': Unable to connect

During handling of the above exception, another exception occurred:

Traceback (most recent call last):
  File "/opt/klipper/klippy/klippy.py", line 131, in _connect
    self.send_event("klippy:mcu_identify")
  File "/opt/klipper/klippy/klippy.py", line 227, in send_event
    return [cb(*params) for cb in self.event_handlers.get(event, [])]
           ^^^^^^^^^^^^^^^^^^^^^^^^^^^^^^^^^^^^^^^^^^^^^^^^^^^^^^^^^^
  File "/opt/klipper/klippy/klippy.py", line 227, in <listcomp>
    return [cb(*params) for cb in self.event_handlers.get(event, [])]
            ^^^^^^^^^^^
  File "/opt/klipper/klippy/mcu.py", line 876, in _mcu_identify
    self._attach()
  File "/opt/klipper/klippy/mcu.py", line 871, in _attach
    raise error(str(e))
mcu.error: mcu 'mcu': Unable to connect
mcu 'mcu': Unable to connect
Once the underlying issue is corrected, use the
"FIRMWARE_RESTART" command to reset the firmware, reload the
config, and restart the host software.
Error configuring printer

No build file /opt/klipper/klippy/../.config
No build file /opt/klipper/klippy/../out/klipper.dict
No build file /opt/klipper/klippy/../out/klipper.elf
Starting Klippy...
Args: ['/opt/klipper/klippy/klippy.py', '/opt/printer_data/config/printer.cfg', '-a', '/opt/printer_data/run/klippy.sock', '-l', '/opt/printer_data/logs/klippy.log']
Git version: 'f0892d8'
Branch: master
Remote: origin
Tracked URL: https://github.com/Klipper3d/klipper.git
CPU: 4 core ?
Device: OrangePi Zero 2W
Linux: Linux version 6.18.41-current-sunxi64 (build@armbian) (aarch64-linux-gnu-gcc (Debian 14.2.0-19) 14.2.0, GNU ld (GNU Binutils for Debian) 2.44) #3 SMP PREEMPT Thu Jul 30 11:05:57 UTC 2026
Python: '3.11.2 (main, May 12 2026, 05:17:27) [GCC 12.2.0]'
Building C code module c_helper.so
Start printer at Wed Sep  2 09:56:13 2026 (1788317773.1 49910.4)
===== Config file =====
[stepper_x]
step_pin = PC2
dir_pin = PB9
enable_pin = !PC3
microsteps = 16
rotation_distance = 40
endstop_pin = ^PA5
position_endstop = 0
position_max = 235
homing_speed = 50

[stepper_y]
step_pin = PB8
dir_pin = PB7
enable_pin = !PC3
microsteps = 16
rotation_distance = 40
endstop_pin = ^PA6
position_endstop = 0
position_max = 235
homing_speed = 50

[stepper_z]
step_pin = PB6
dir_pin = !PB5
enable_pin = !PC3
microsteps = 16
rotation_distance = 8
endstop_pin = ^PA7
position_endstop = 0.0
position_max = 250

[extruder]
max_extrude_only_distance = 100.0
step_pin = PB4
dir_pin = PB3
enable_pin = !PC3
microsteps = 16
rotation_distance = 34.406
nozzle_diameter = 0.400
filament_diameter = 1.750
heater_pin = PA1
sensor_type = EPCOS 100K B57560G104F
sensor_pin = PC5
control = pid
pid_kp = 21.527
pid_ki = 1.063
pid_kd = 108.982
min_temp = 0
max_temp = 250

[heater_bed]
heater_pin = PA2
sensor_type = EPCOS 100K B57560G104F
sensor_pin = PC4
control = pid
pid_kp = 54.027
pid_ki = 0.770
pid_kd = 948.182
min_temp = 0
max_temp = 130

[fan]
pin = PA0

[mcu]
serial = /dev/serial/by-id/usb-1a86_USB_Serial-if00-port0
restart_method = command

[printer]
kinematics = cartesian
max_velocity = 300
max_accel = 3000
max_z_velocity = 5
max_z_accel = 100

[display]
lcd_type = st7920
cs_pin = PB12
sclk_pin = PB13
sid_pin = PB15
encoder_pins = ^PB14, ^PB10
click_pin = ^!PB2
=======================
Extruder max_extrude_ratio=0.266081
mcu 'mcu': Starting serial connect
mcu 'mcu': Unable to open serial port: [Errno 2] could not open port /dev/serial/by-id/usb-1a86_USB_Serial-if00-port0: [Errno 2] No such file or directory: '/dev/serial/by-id/usb-1a86_USB_Serial-if00-port0'
mcu 'mcu': Unable to open serial port: [Errno 2] could not open port /dev/serial/by-id/usb-1a86_USB_Serial-if00-port0: [Errno 2] No such file or directory: '/dev/serial/by-id/usb-1a86_USB_Serial-if00-port0'
mcu 'mcu': Unable to open serial port: [Errno 2] could not open port /dev/serial/by-id/usb-1a86_USB_Serial-if00-port0: [Errno 2] No such file or directory: '/dev/serial/by-id/usb-1a86_USB_Serial-if00-port0'
mcu 'mcu': Unable to open serial port: [Errno 2] could not open port /dev/serial/by-id/usb-1a86_USB_Serial-if00-port0: [Errno 2] No such file or directory: '/dev/serial/by-id/usb-1a86_USB_Serial-if00-port0'
mcu 'mcu': Unable to open serial port: [Errno 2] could not open port /dev/serial/by-id/usb-1a86_USB_Serial-if00-port0: [Errno 2] No such file or directory: '/dev/serial/by-id/usb-1a86_USB_Serial-if00-port0'
mcu 'mcu': Unable to open serial port: [Errno 2] could not open port /dev/serial/by-id/usb-1a86_USB_Serial-if00-port0: [Errno 2] No such file or directory: '/dev/serial/by-id/usb-1a86_USB_Serial-if00-port0'
mcu 'mcu': Unable to open serial port: [Errno 2] could not open port /dev/serial/by-id/usb-1a86_USB_Serial-if00-port0: [Errno 2] No such file or directory: '/dev/serial/by-id/usb-1a86_USB_Serial-if00-port0'
mcu 'mcu': Unable to open serial port: [Errno 2] could not open port /dev/serial/by-id/usb-1a86_USB_Serial-if00-port0: [Errno 2] No such file or directory: '/dev/serial/by-id/usb-1a86_USB_Serial-if00-port0'
mcu 'mcu': Unable to open serial port: [Errno 2] could not open port /dev/serial/by-id/usb-1a86_USB_Serial-if00-port0: [Errno 2] No such file or directory: '/dev/serial/by-id/usb-1a86_USB_Serial-if00-port0'
mcu 'mcu': Unable to open serial port: [Errno 2] could not open port /dev/serial/by-id/usb-1a86_USB_Serial-if00-port0: [Errno 2] No such file or directory: '/dev/serial/by-id/usb-1a86_USB_Serial-if00-port0'
mcu 'mcu': Unable to open serial port: [Errno 2] could not open port /dev/serial/by-id/usb-1a86_USB_Serial-if00-port0: [Errno 2] No such file or directory: '/dev/serial/by-id/usb-1a86_USB_Serial-if00-port0'
mcu 'mcu': Unable to open serial port: [Errno 2] could not open port /dev/serial/by-id/usb-1a86_USB_Serial-if00-port0: [Errno 2] No such file or directory: '/dev/serial/by-id/usb-1a86_USB_Serial-if00-port0'
mcu 'mcu': Unable to open serial port: [Errno 2] could not open port /dev/serial/by-id/usb-1a86_USB_Serial-if00-port0: [Errno 2] No such file or directory: '/dev/serial/by-id/usb-1a86_USB_Serial-if00-port0'
mcu 'mcu': Unable to open serial port: [Errno 2] could not open port /dev/serial/by-id/usb-1a86_USB_Serial-if00-port0: [Errno 2] No such file or directory: '/dev/serial/by-id/usb-1a86_USB_Serial-if00-port0'
mcu 'mcu': Unable to open serial port: [Errno 2] could not open port /dev/serial/by-id/usb-1a86_USB_Serial-if00-port0: [Errno 2] No such file or directory: '/dev/serial/by-id/usb-1a86_USB_Serial-if00-port0'
mcu 'mcu': Unable to open serial port: [Errno 2] could not open port /dev/serial/by-id/usb-1a86_USB_Serial-if00-port0: [Errno 2] No such file or directory: '/dev/serial/by-id/usb-1a86_USB_Serial-if00-port0'
mcu 'mcu': Unable to open serial port: [Errno 2] could not open port /dev/serial/by-id/usb-1a86_USB_Serial-if00-port0: [Errno 2] No such file or directory: '/dev/serial/by-id/usb-1a86_USB_Serial-if00-port0'
mcu 'mcu': Unable to open serial port: [Errno 2] could not open port /dev/serial/by-id/usb-1a86_USB_Serial-if00-port0: [Errno 2] No such file or directory: '/dev/serial/by-id/usb-1a86_USB_Serial-if00-port0'
MCU error during connect
Traceback (most recent call last):
  File "/opt/klipper/klippy/mcu.py", line 866, in _attach
    self._serial.connect_uart(self._serialport, self._baud, rts)
  File "/opt/klipper/klippy/serialhdl.py", line 191, in connect_uart
    self._error("Unable to connect")
  File "/opt/klipper/klippy/serialhdl.py", line 68, in _error
    raise error(self.warn_prefix + (msg % params))
serialhdl.error: mcu 'mcu': Unable to connect

During handling of the above exception, another exception occurred:

Traceback (most recent call last):
  File "/opt/klipper/klippy/klippy.py", line 131, in _connect
    self.send_event("klippy:mcu_identify")
  File "/opt/klipper/klippy/klippy.py", line 227, in send_event
    return [cb(*params) for cb in self.event_handlers.get(event, [])]
           ^^^^^^^^^^^^^^^^^^^^^^^^^^^^^^^^^^^^^^^^^^^^^^^^^^^^^^^^^^
  File "/opt/klipper/klippy/klippy.py", line 227, in <listcomp>
    return [cb(*params) for cb in self.event_handlers.get(event, [])]
            ^^^^^^^^^^^
  File "/opt/klipper/klippy/mcu.py", line 876, in _mcu_identify
    self._attach()
  File "/opt/klipper/klippy/mcu.py", line 871, in _attach
    raise error(str(e))
mcu.error: mcu 'mcu': Unable to connect
mcu 'mcu': Unable to connect
Once the underlying issue is corrected, use the
"FIRMWARE_RESTART" command to reset the firmware, reload the
config, and restart the host software.
Error configuring printer

No build file /opt/klipper/klippy/../.config
No build file /opt/klipper/klippy/../out/klipper.dict
No build file /opt/klipper/klippy/../out/klipper.elf
Starting Klippy...
Args: ['/opt/klipper/klippy/klippy.py', '/opt/printer_data/config/printer.cfg', '-a', '/opt/printer_data/run/klippy.sock', '-l', '/opt/printer_data/logs/klippy.log']
Git version: 'f0892d8'
Branch: master
Remote: origin
Tracked URL: https://github.com/Klipper3d/klipper.git
CPU: 4 core ?
Device: OrangePi Zero 2W
Linux: Linux version 6.18.41-current-sunxi64 (build@armbian) (aarch64-linux-gnu-gcc (Debian 14.2.0-19) 14.2.0, GNU ld (GNU Binutils for Debian) 2.44) #3 SMP PREEMPT Thu Jul 30 11:05:57 UTC 2026
Python: '3.11.2 (main, May 12 2026, 05:17:27) [GCC 12.2.0]'
Building C code module c_helper.so
Start printer at Wed Sep  2 09:58:38 2026 (1788317918.7 50056.0)
===== Config file =====
[stepper_x]
step_pin = PC2
dir_pin = PB9
enable_pin = !PC3
microsteps = 16
rotation_distance = 40
endstop_pin = ^PA5
position_endstop = 0
position_max = 235
homing_speed = 50

[stepper_y]
step_pin = PB8
dir_pin = PB7
enable_pin = !PC3
microsteps = 16
rotation_distance = 40
endstop_pin = ^PA6
position_endstop = 0
position_max = 235
homing_speed = 50

[stepper_z]
step_pin = PB6
dir_pin = !PB5
enable_pin = !PC3
microsteps = 16
rotation_distance = 8
endstop_pin = ^PA7
position_endstop = 0.0
position_max = 250

[extruder]
max_extrude_only_distance = 100.0
step_pin = PB4
dir_pin = PB3
enable_pin = !PC3
microsteps = 16
rotation_distance = 34.406
nozzle_diameter = 0.400
filament_diameter = 1.750
heater_pin = PA1
sensor_type = EPCOS 100K B57560G104F
sensor_pin = PC5
control = pid
pid_kp = 21.527
pid_ki = 1.063
pid_kd = 108.982
min_temp = 0
max_temp = 250

[heater_bed]
heater_pin = PA2
sensor_type = EPCOS 100K B57560G104F
sensor_pin = PC4
control = pid
pid_kp = 54.027
pid_ki = 0.770
pid_kd = 948.182
min_temp = 0
max_temp = 130

[fan]
pin = PA0

[mcu]
serial = /dev/serial/by-id/usb-1a86_USB_Serial-if00-port0
restart_method = command

[printer]
kinematics = cartesian
max_velocity = 300
max_accel = 3000
max_z_velocity = 5
max_z_accel = 100

[display]
lcd_type = st7920
cs_pin = PB12
sclk_pin = PB13
sid_pin = PB15
encoder_pins = ^PB14, ^PB10
click_pin = ^!PB2
=======================
Extruder max_extrude_ratio=0.266081
mcu 'mcu': Starting serial connect
mcu 'mcu': Unable to open serial port: [Errno 2] could not open port /dev/serial/by-id/usb-1a86_USB_Serial-if00-port0: [Errno 2] No such file or directory: '/dev/serial/by-id/usb-1a86_USB_Serial-if00-port0'
mcu 'mcu': Unable to open serial port: [Errno 2] could not open port /dev/serial/by-id/usb-1a86_USB_Serial-if00-port0: [Errno 2] No such file or directory: '/dev/serial/by-id/usb-1a86_USB_Serial-if00-port0'
mcu 'mcu': Unable to open serial port: [Errno 2] could not open port /dev/serial/by-id/usb-1a86_USB_Serial-if00-port0: [Errno 2] No such file or directory: '/dev/serial/by-id/usb-1a86_USB_Serial-if00-port0'
mcu 'mcu': Unable to open serial port: [Errno 2] could not open port /dev/serial/by-id/usb-1a86_USB_Serial-if00-port0: [Errno 2] No such file or directory: '/dev/serial/by-id/usb-1a86_USB_Serial-if00-port0'
mcu 'mcu': Unable to open serial port: [Errno 2] could not open port /dev/serial/by-id/usb-1a86_USB_Serial-if00-port0: [Errno 2] No such file or directory: '/dev/serial/by-id/usb-1a86_USB_Serial-if00-port0'
mcu 'mcu': Unable to open serial port: [Errno 2] could not open port /dev/serial/by-id/usb-1a86_USB_Serial-if00-port0: [Errno 2] No such file or directory: '/dev/serial/by-id/usb-1a86_USB_Serial-if00-port0'
mcu 'mcu': Unable to open serial port: [Errno 2] could not open port /dev/serial/by-id/usb-1a86_USB_Serial-if00-port0: [Errno 2] No such file or directory: '/dev/serial/by-id/usb-1a86_USB_Serial-if00-port0'
mcu 'mcu': Unable to open serial port: [Errno 2] could not open port /dev/serial/by-id/usb-1a86_USB_Serial-if00-port0: [Errno 2] No such file or directory: '/dev/serial/by-id/usb-1a86_USB_Serial-if00-port0'
mcu 'mcu': Unable to open serial port: [Errno 2] could not open port /dev/serial/by-id/usb-1a86_USB_Serial-if00-port0: [Errno 2] No such file or directory: '/dev/serial/by-id/usb-1a86_USB_Serial-if00-port0'
mcu 'mcu': Unable to open serial port: [Errno 2] could not open port /dev/serial/by-id/usb-1a86_USB_Serial-if00-port0: [Errno 2] No such file or directory: '/dev/serial/by-id/usb-1a86_USB_Serial-if00-port0'
mcu 'mcu': Unable to open serial port: [Errno 2] could not open port /dev/serial/by-id/usb-1a86_USB_Serial-if00-port0: [Errno 2] No such file or directory: '/dev/serial/by-id/usb-1a86_USB_Serial-if00-port0'
mcu 'mcu': Unable to open serial port: [Errno 2] could not open port /dev/serial/by-id/usb-1a86_USB_Serial-if00-port0: [Errno 2] No such file or directory: '/dev/serial/by-id/usb-1a86_USB_Serial-if00-port0'
mcu 'mcu': Unable to open serial port: [Errno 2] could not open port /dev/serial/by-id/usb-1a86_USB_Serial-if00-port0: [Errno 2] No such file or directory: '/dev/serial/by-id/usb-1a86_USB_Serial-if00-port0'
mcu 'mcu': Unable to open serial port: [Errno 2] could not open port /dev/serial/by-id/usb-1a86_USB_Serial-if00-port0: [Errno 2] No such file or directory: '/dev/serial/by-id/usb-1a86_USB_Serial-if00-port0'
mcu 'mcu': Unable to open serial port: [Errno 2] could not open port /dev/serial/by-id/usb-1a86_USB_Serial-if00-port0: [Errno 2] No such file or directory: '/dev/serial/by-id/usb-1a86_USB_Serial-if00-port0'
mcu 'mcu': Unable to open serial port: [Errno 2] could not open port /dev/serial/by-id/usb-1a86_USB_Serial-if00-port0: [Errno 2] No such file or directory: '/dev/serial/by-id/usb-1a86_USB_Serial-if00-port0'
mcu 'mcu': Unable to open serial port: [Errno 2] could not open port /dev/serial/by-id/usb-1a86_USB_Serial-if00-port0: [Errno 2] No such file or directory: '/dev/serial/by-id/usb-1a86_USB_Serial-if00-port0'
mcu 'mcu': Unable to open serial port: [Errno 2] could not open port /dev/serial/by-id/usb-1a86_USB_Serial-if00-port0: [Errno 2] No such file or directory: '/dev/serial/by-id/usb-1a86_USB_Serial-if00-port0'
MCU error during connect
Traceback (most recent call last):
  File "/opt/klipper/klippy/mcu.py", line 866, in _attach
    self._serial.connect_uart(self._serialport, self._baud, rts)
  File "/opt/klipper/klippy/serialhdl.py", line 191, in connect_uart
    self._error("Unable to connect")
  File "/opt/klipper/klippy/serialhdl.py", line 68, in _error
    raise error(self.warn_prefix + (msg % params))
serialhdl.error: mcu 'mcu': Unable to connect

During handling of the above exception, another exception occurred:

Traceback (most recent call last):
  File "/opt/klipper/klippy/klippy.py", line 131, in _connect
    self.send_event("klippy:mcu_identify")
  File "/opt/klipper/klippy/klippy.py", line 227, in send_event
    return [cb(*params) for cb in self.event_handlers.get(event, [])]
           ^^^^^^^^^^^^^^^^^^^^^^^^^^^^^^^^^^^^^^^^^^^^^^^^^^^^^^^^^^
  File "/opt/klipper/klippy/klippy.py", line 227, in <listcomp>
    return [cb(*params) for cb in self.event_handlers.get(event, [])]
            ^^^^^^^^^^^
  File "/opt/klipper/klippy/mcu.py", line 876, in _mcu_identify
    self._attach()
  File "/opt/klipper/klippy/mcu.py", line 871, in _attach
    raise error(str(e))
mcu.error: mcu 'mcu': Unable to connect
mcu 'mcu': Unable to connect
Once the underlying issue is corrected, use the
"FIRMWARE_RESTART" command to reset the firmware, reload the
config, and restart the host software.
Error configuring printer

No build file /opt/klipper/klippy/../.config
No build file /opt/klipper/klippy/../out/klipper.dict
No build file /opt/klipper/klippy/../out/klipper.elf
Starting Klippy...
Args: ['/opt/klipper/klippy/klippy.py', '/opt/printer_data/config/printer.cfg', '-a', '/opt/printer_data/run/klippy.sock', '-l', '/opt/printer_data/logs/klippy.log']
Git version: 'f0892d8'
Branch: master
Remote: origin
Tracked URL: https://github.com/Klipper3d/klipper.git
CPU: 4 core ?
Device: OrangePi Zero 2W
Linux: Linux version 6.18.41-current-sunxi64 (build@armbian) (aarch64-linux-gnu-gcc (Debian 14.2.0-19) 14.2.0, GNU ld (GNU Binutils for Debian) 2.44) #3 SMP PREEMPT Thu Jul 30 11:05:57 UTC 2026
Python: '3.11.2 (main, May 12 2026, 05:17:27) [GCC 12.2.0]'
Building C code module c_helper.so
Start printer at Wed Sep  2 10:07:15 2026 (1788318436.0 50573.2)
===== Config file =====
[stepper_x]
step_pin = PC2
dir_pin = PB9
enable_pin = !PC3
microsteps = 16
rotation_distance = 40
endstop_pin = ^PA5
position_endstop = 0
position_max = 235
homing_speed = 50

[stepper_y]
step_pin = PB8
dir_pin = PB7
enable_pin = !PC3
microsteps = 16
rotation_distance = 40
endstop_pin = ^PA6
position_endstop = 0
position_max = 235
homing_speed = 50

[stepper_z]
step_pin = PB6
dir_pin = !PB5
enable_pin = !PC3
microsteps = 16
rotation_distance = 8
endstop_pin = ^PA7
position_endstop = 0.0
position_max = 250

[extruder]
max_extrude_only_distance = 100.0
step_pin = PB4
dir_pin = PB3
enable_pin = !PC3
microsteps = 16
rotation_distance = 34.406
nozzle_diameter = 0.400
filament_diameter = 1.750
heater_pin = PA1
sensor_type = EPCOS 100K B57560G104F
sensor_pin = PC5
control = pid
pid_kp = 21.527
pid_ki = 1.063
pid_kd = 108.982
min_temp = 0
max_temp = 250

[heater_bed]
heater_pin = PA2
sensor_type = EPCOS 100K B57560G104F
sensor_pin = PC4
control = pid
pid_kp = 54.027
pid_ki = 0.770
pid_kd = 948.182
min_temp = 0
max_temp = 130

[fan]
pin = PA0

[mcu]
serial = /dev/serial/by-id/usb-1a86_USB_Serial-if00-port0
restart_method = command

[printer]
kinematics = cartesian
max_velocity = 300
max_accel = 3000
max_z_velocity = 5
max_z_accel = 100

[display]
lcd_type = st7920
cs_pin = PB12
sclk_pin = PB13
sid_pin = PB15
encoder_pins = ^PB14, ^PB10
click_pin = ^!PB2
=======================
Extruder max_extrude_ratio=0.266081
mcu 'mcu': Starting serial connect
mcu 'mcu': Unable to open serial port: [Errno 2] could not open port /dev/serial/by-id/usb-1a86_USB_Serial-if00-port0: [Errno 2] No such file or directory: '/dev/serial/by-id/usb-1a86_USB_Serial-if00-port0'
mcu 'mcu': Unable to open serial port: [Errno 2] could not open port /dev/serial/by-id/usb-1a86_USB_Serial-if00-port0: [Errno 2] No such file or directory: '/dev/serial/by-id/usb-1a86_USB_Serial-if00-port0'
mcu 'mcu': Unable to open serial port: [Errno 2] could not open port /dev/serial/by-id/usb-1a86_USB_Serial-if00-port0: [Errno 2] No such file or directory: '/dev/serial/by-id/usb-1a86_USB_Serial-if00-port0'
mcu 'mcu': Unable to open serial port: [Errno 2] could not open port /dev/serial/by-id/usb-1a86_USB_Serial-if00-port0: [Errno 2] No such file or directory: '/dev/serial/by-id/usb-1a86_USB_Serial-if00-port0'
mcu 'mcu': Unable to open serial port: [Errno 2] could not open port /dev/serial/by-id/usb-1a86_USB_Serial-if00-port0: [Errno 2] No such file or directory: '/dev/serial/by-id/usb-1a86_USB_Serial-if00-port0'
mcu 'mcu': Unable to open serial port: [Errno 2] could not open port /dev/serial/by-id/usb-1a86_USB_Serial-if00-port0: [Errno 2] No such file or directory: '/dev/serial/by-id/usb-1a86_USB_Serial-if00-port0'
mcu 'mcu': Unable to open serial port: [Errno 2] could not open port /dev/serial/by-id/usb-1a86_USB_Serial-if00-port0: [Errno 2] No such file or directory: '/dev/serial/by-id/usb-1a86_USB_Serial-if00-port0'
mcu 'mcu': Unable to open serial port: [Errno 2] could not open port /dev/serial/by-id/usb-1a86_USB_Serial-if00-port0: [Errno 2] No such file or directory: '/dev/serial/by-id/usb-1a86_USB_Serial-if00-port0'
mcu 'mcu': Unable to open serial port: [Errno 2] could not open port /dev/serial/by-id/usb-1a86_USB_Serial-if00-port0: [Errno 2] No such file or directory: '/dev/serial/by-id/usb-1a86_USB_Serial-if00-port0'
mcu 'mcu': Unable to open serial port: [Errno 2] could not open port /dev/serial/by-id/usb-1a86_USB_Serial-if00-port0: [Errno 2] No such file or directory: '/dev/serial/by-id/usb-1a86_USB_Serial-if00-port0'
mcu 'mcu': Unable to open serial port: [Errno 2] could not open port /dev/serial/by-id/usb-1a86_USB_Serial-if00-port0: [Errno 2] No such file or directory: '/dev/serial/by-id/usb-1a86_USB_Serial-if00-port0'
mcu 'mcu': Unable to open serial port: [Errno 2] could not open port /dev/serial/by-id/usb-1a86_USB_Serial-if00-port0: [Errno 2] No such file or directory: '/dev/serial/by-id/usb-1a86_USB_Serial-if00-port0'
mcu 'mcu': Unable to open serial port: [Errno 2] could not open port /dev/serial/by-id/usb-1a86_USB_Serial-if00-port0: [Errno 2] No such file or directory: '/dev/serial/by-id/usb-1a86_USB_Serial-if00-port0'
mcu 'mcu': Unable to open serial port: [Errno 2] could not open port /dev/serial/by-id/usb-1a86_USB_Serial-if00-port0: [Errno 2] No such file or directory: '/dev/serial/by-id/usb-1a86_USB_Serial-if00-port0'
mcu 'mcu': Unable to open serial port: [Errno 2] could not open port /dev/serial/by-id/usb-1a86_USB_Serial-if00-port0: [Errno 2] No such file or directory: '/dev/serial/by-id/usb-1a86_USB_Serial-if00-port0'
mcu 'mcu': Unable to open serial port: [Errno 2] could not open port /dev/serial/by-id/usb-1a86_USB_Serial-if00-port0: [Errno 2] No such file or directory: '/dev/serial/by-id/usb-1a86_USB_Serial-if00-port0'
mcu 'mcu': Unable to open serial port: [Errno 2] could not open port /dev/serial/by-id/usb-1a86_USB_Serial-if00-port0: [Errno 2] No such file or directory: '/dev/serial/by-id/usb-1a86_USB_Serial-if00-port0'
mcu 'mcu': Unable to open serial port: [Errno 2] could not open port /dev/serial/by-id/usb-1a86_USB_Serial-if00-port0: [Errno 2] No such file or directory: '/dev/serial/by-id/usb-1a86_USB_Serial-if00-port0'
MCU error during connect
Traceback (most recent call last):
  File "/opt/klipper/klippy/mcu.py", line 866, in _attach
    self._serial.connect_uart(self._serialport, self._baud, rts)
  File "/opt/klipper/klippy/serialhdl.py", line 191, in connect_uart
    self._error("Unable to connect")
  File "/opt/klipper/klippy/serialhdl.py", line 68, in _error
    raise error(self.warn_prefix + (msg % params))
serialhdl.error: mcu 'mcu': Unable to connect

During handling of the above exception, another exception occurred:

Traceback (most recent call last):
  File "/opt/klipper/klippy/klippy.py", line 131, in _connect
    self.send_event("klippy:mcu_identify")
  File "/opt/klipper/klippy/klippy.py", line 227, in send_event
    return [cb(*params) for cb in self.event_handlers.get(event, [])]
           ^^^^^^^^^^^^^^^^^^^^^^^^^^^^^^^^^^^^^^^^^^^^^^^^^^^^^^^^^^
  File "/opt/klipper/klippy/klippy.py", line 227, in <listcomp>
    return [cb(*params) for cb in self.event_handlers.get(event, [])]
            ^^^^^^^^^^^
  File "/opt/klipper/klippy/mcu.py", line 876, in _mcu_identify
    self._attach()
  File "/opt/klipper/klippy/mcu.py", line 871, in _attach
    raise error(str(e))
mcu.error: mcu 'mcu': Unable to connect
mcu 'mcu': Unable to connect
Once the underlying issue is corrected, use the
"FIRMWARE_RESTART" command to reset the firmware, reload the
config, and restart the host software.
Error configuring printer

No build file /opt/klipper/klippy/../.config
No build file /opt/klipper/klippy/../out/klipper.dict
No build file /opt/klipper/klippy/../out/klipper.elf
Starting Klippy...
Args: ['/opt/klipper/klippy/klippy.py', '/opt/printer_data/config/printer.cfg', '-a', '/opt/printer_data/run/klippy.sock', '-l', '/opt/printer_data/logs/klippy.log']
Git version: 'f0892d8'
Branch: master
Remote: origin
Tracked URL: https://github.com/Klipper3d/klipper.git
CPU: 4 core ?
Device: OrangePi Zero 2W
Linux: Linux version 6.18.41-current-sunxi64 (build@armbian) (aarch64-linux-gnu-gcc (Debian 14.2.0-19) 14.2.0, GNU ld (GNU Binutils for Debian) 2.44) #3 SMP PREEMPT Thu Jul 30 11:05:57 UTC 2026
Python: '3.11.2 (main, May 12 2026, 05:17:27) [GCC 12.2.0]'
Building C code module c_helper.so
Start printer at Wed Sep  2 11:44:38 2026 (1788324278.3 56415.6)
===== Config file =====
[stepper_x]
step_pin = PC2
dir_pin = PB9
enable_pin = !PC3
microsteps = 16
rotation_distance = 40
endstop_pin = ^PA5
position_endstop = 0
position_max = 235
homing_speed = 50

[stepper_y]
step_pin = PB8
dir_pin = PB7
enable_pin = !PC3
microsteps = 16
rotation_distance = 40
endstop_pin = ^PA6
position_endstop = 0
position_max = 235
homing_speed = 50

[stepper_z]
step_pin = PB6
dir_pin = !PB5
enable_pin = !PC3
microsteps = 16
rotation_distance = 8
endstop_pin = ^PA7
position_endstop = 0.0
position_max = 250

[extruder]
max_extrude_only_distance = 100.0
step_pin = PB4
dir_pin = PB3
enable_pin = !PC3
microsteps = 16
rotation_distance = 34.406
nozzle_diameter = 0.400
filament_diameter = 1.750
heater_pin = PA1
sensor_type = EPCOS 100K B57560G104F
sensor_pin = PC5
control = pid
pid_kp = 21.527
pid_ki = 1.063
pid_kd = 108.982
min_temp = 0
max_temp = 250

[heater_bed]
heater_pin = PA2
sensor_type = EPCOS 100K B57560G104F
sensor_pin = PC4
control = pid
pid_kp = 54.027
pid_ki = 0.770
pid_kd = 948.182
min_temp = 0
max_temp = 130

[fan]
pin = PA0

[mcu]
serial = /dev/serial/by-id/usb-1a86_USB_Serial-if00-port0
restart_method = command

[printer]
kinematics = cartesian
max_velocity = 300
max_accel = 3000
max_z_velocity = 5
max_z_accel = 100

[display]
lcd_type = st7920
cs_pin = PB12
sclk_pin = PB13
sid_pin = PB15
encoder_pins = ^PB14, ^PB10
click_pin = ^!PB2
=======================
Extruder max_extrude_ratio=0.266081
mcu 'mcu': Starting serial connect
mcu 'mcu': Unable to open serial port: [Errno 2] could not open port /dev/serial/by-id/usb-1a86_USB_Serial-if00-port0: [Errno 2] No such file or directory: '/dev/serial/by-id/usb-1a86_USB_Serial-if00-port0'
mcu 'mcu': Unable to open serial port: [Errno 2] could not open port /dev/serial/by-id/usb-1a86_USB_Serial-if00-port0: [Errno 2] No such file or directory: '/dev/serial/by-id/usb-1a86_USB_Serial-if00-port0'
mcu 'mcu': Unable to open serial port: [Errno 2] could not open port /dev/serial/by-id/usb-1a86_USB_Serial-if00-port0: [Errno 2] No such file or directory: '/dev/serial/by-id/usb-1a86_USB_Serial-if00-port0'
Starting Klippy...
Args: ['/opt/klipper/klippy/klippy.py', '/opt/printer_data/config/printer.cfg', '-a', '/opt/printer_data/run/klippy.sock', '-l', '/opt/printer_data/logs/klippy.log']
Git version: '?'
Branch: ?
Remote: ?
Tracked URL: ?
CPU: 4 core ?
Python: '3.11.2 (main, May 12 2026, 05:17:27) [GCC 12.2.0]'
Building C code module c_helper.so
Unable to build C code module (error=32512)
Starting Klippy...
Args: ['/opt/klipper/klippy/klippy.py', '/opt/printer_data/config/printer.cfg', '-a', '/opt/printer_data/run/klippy.sock', '-l', '/opt/printer_data/logs/klippy.log']
Git version: '?'
Branch: ?
Remote: ?
Tracked URL: ?
CPU: 4 core ?
Python: '3.11.2 (main, May 12 2026, 05:17:27) [GCC 12.2.0]'
Building C code module c_helper.so
Unable to build C code module (error=32512)
Starting Klippy...
Args: ['/opt/klipper/klippy/klippy.py', '/opt/printer_data/config/printer.cfg', '-a', '/opt/printer_data/run/klippy.sock', '-l', '/opt/printer_data/logs/klippy.log']
Git version: '?'
Branch: ?
Remote: ?
Tracked URL: ?
CPU: 4 core ?
Python: '3.11.2 (main, May 12 2026, 05:17:27) [GCC 12.2.0]'
Building C code module c_helper.so
Start printer at Wed Sep  2 17:46:16 2026 (1788345976.8 78114.1)
===== Config file =====
[stepper_x]
step_pin = PC2
dir_pin = PB9
enable_pin = !PC3
microsteps = 16
rotation_distance = 40
endstop_pin = ^PA5
position_endstop = 0
position_max = 235
homing_speed = 50

[stepper_y]
step_pin = PB8
dir_pin = PB7
enable_pin = !PC3
microsteps = 16
rotation_distance = 40
endstop_pin = ^PA6
position_endstop = 0
position_max = 235
homing_speed = 50

[stepper_z]
step_pin = PB6
dir_pin = !PB5
enable_pin = !PC3
microsteps = 16
rotation_distance = 8
endstop_pin = ^PA7
position_endstop = 0.0
position_max = 250

[extruder]
max_extrude_only_distance = 100.0
step_pin = PB4
dir_pin = PB3
enable_pin = !PC3
microsteps = 16
rotation_distance = 34.406
nozzle_diameter = 0.400
filament_diameter = 1.750
heater_pin = PA1
sensor_type = EPCOS 100K B57560G104F
sensor_pin = PC5
control = pid
pid_kp = 21.527
pid_ki = 1.063
pid_kd = 108.982
min_temp = 0
max_temp = 250

[heater_bed]
heater_pin = PA2
sensor_type = EPCOS 100K B57560G104F
sensor_pin = PC4
control = pid
pid_kp = 54.027
pid_ki = 0.770
pid_kd = 948.182
min_temp = 0
max_temp = 130

[fan]
pin = PA0

[mcu]
serial = /dev/serial/by-id/usb-1a86_USB_Serial-if00-port0
restart_method = command

[printer]
kinematics = cartesian
max_velocity = 300
max_accel = 3000
max_z_velocity = 5
max_z_accel = 100

[display]
lcd_type = st7920
cs_pin = PB12
sclk_pin = PB13
sid_pin = PB15
encoder_pins = ^PB14, ^PB10
click_pin = ^!PB2
=======================
Extruder max_extrude_ratio=0.266081
mcu 'mcu': Starting serial connect
mcu 'mcu': Unable to open serial port: [Errno 2] could not open port /dev/serial/by-id/usb-1a86_USB_Serial-if00-port0: [Errno 2] No such file or directory: '/dev/serial/by-id/usb-1a86_USB_Serial-if00-port0'
mcu 'mcu': Unable to open serial port: [Errno 2] could not open port /dev/serial/by-id/usb-1a86_USB_Serial-if00-port0: [Errno 2] No such file or directory: '/dev/serial/by-id/usb-1a86_USB_Serial-if00-port0'
mcu 'mcu': Unable to open serial port: [Errno 2] could not open port /dev/serial/by-id/usb-1a86_USB_Serial-if00-port0: [Errno 2] No such file or directory: '/dev/serial/by-id/usb-1a86_USB_Serial-if00-port0'
mcu 'mcu': Unable to open serial port: [Errno 2] could not open port /dev/serial/by-id/usb-1a86_USB_Serial-if00-port0: [Errno 2] No such file or directory: '/dev/serial/by-id/usb-1a86_USB_Serial-if00-port0'
mcu 'mcu': Unable to open serial port: [Errno 2] could not open port /dev/serial/by-id/usb-1a86_USB_Serial-if00-port0: [Errno 2] No such file or directory: '/dev/serial/by-id/usb-1a86_USB_Serial-if00-port0'
mcu 'mcu': Unable to open serial port: [Errno 2] could not open port /dev/serial/by-id/usb-1a86_USB_Serial-if00-port0: [Errno 2] No such file or directory: '/dev/serial/by-id/usb-1a86_USB_Serial-if00-port0'
mcu 'mcu': Unable to open serial port: [Errno 2] could not open port /dev/serial/by-id/usb-1a86_USB_Serial-if00-port0: [Errno 2] No such file or directory: '/dev/serial/by-id/usb-1a86_USB_Serial-if00-port0'
mcu 'mcu': Unable to open serial port: [Errno 2] could not open port /dev/serial/by-id/usb-1a86_USB_Serial-if00-port0: [Errno 2] No such file or directory: '/dev/serial/by-id/usb-1a86_USB_Serial-if00-port0'
mcu 'mcu': Unable to open serial port: [Errno 2] could not open port /dev/serial/by-id/usb-1a86_USB_Serial-if00-port0: [Errno 2] No such file or directory: '/dev/serial/by-id/usb-1a86_USB_Serial-if00-port0'
mcu 'mcu': Unable to open serial port: [Errno 2] could not open port /dev/serial/by-id/usb-1a86_USB_Serial-if00-port0: [Errno 2] No such file or directory: '/dev/serial/by-id/usb-1a86_USB_Serial-if00-port0'
mcu 'mcu': Unable to open serial port: [Errno 2] could not open port /dev/serial/by-id/usb-1a86_USB_Serial-if00-port0: [Errno 2] No such file or directory: '/dev/serial/by-id/usb-1a86_USB_Serial-if00-port0'
mcu 'mcu': Unable to open serial port: [Errno 2] could not open port /dev/serial/by-id/usb-1a86_USB_Serial-if00-port0: [Errno 2] No such file or directory: '/dev/serial/by-id/usb-1a86_USB_Serial-if00-port0'
mcu 'mcu': Unable to open serial port: [Errno 2] could not open port /dev/serial/by-id/usb-1a86_USB_Serial-if00-port0: [Errno 2] No such file or directory: '/dev/serial/by-id/usb-1a86_USB_Serial-if00-port0'
mcu 'mcu': Unable to open serial port: [Errno 2] could not open port /dev/serial/by-id/usb-1a86_USB_Serial-if00-port0: [Errno 2] No such file or directory: '/dev/serial/by-id/usb-1a86_USB_Serial-if00-port0'
mcu 'mcu': Unable to open serial port: [Errno 2] could not open port /dev/serial/by-id/usb-1a86_USB_Serial-if00-port0: [Errno 2] No such file or directory: '/dev/serial/by-id/usb-1a86_USB_Serial-if00-port0'
mcu 'mcu': Unable to open serial port: [Errno 2] could not open port /dev/serial/by-id/usb-1a86_USB_Serial-if00-port0: [Errno 2] No such file or directory: '/dev/serial/by-id/usb-1a86_USB_Serial-if00-port0'
mcu 'mcu': Unable to open serial port: [Errno 2] could not open port /dev/serial/by-id/usb-1a86_USB_Serial-if00-port0: [Errno 2] No such file or directory: '/dev/serial/by-id/usb-1a86_USB_Serial-if00-port0'
mcu 'mcu': Unable to open serial port: [Errno 2] could not open port /dev/serial/by-id/usb-1a86_USB_Serial-if00-port0: [Errno 2] No such file or directory: '/dev/serial/by-id/usb-1a86_USB_Serial-if00-port0'
MCU error during connect
Traceback (most recent call last):
  File "/opt/klipper/klippy/mcu.py", line 794, in _mcu_identify
    self._serial.connect_uart(self._serialport, self._baud, rts)
  File "/opt/klipper/klippy/serialhdl.py", line 183, in connect_uart
    self._error("Unable to connect")
  File "/opt/klipper/klippy/serialhdl.py", line 61, in _error
    raise error(self.warn_prefix + (msg % params))
serialhdl.error: mcu 'mcu': Unable to connect

During handling of the above exception, another exception occurred:

Traceback (most recent call last):
  File "/opt/klipper/klippy/klippy.py", line 131, in _connect
    self.send_event("klippy:mcu_identify")
  File "/opt/klipper/klippy/klippy.py", line 223, in send_event
    return [cb(*params) for cb in self.event_handlers.get(event, [])]
           ^^^^^^^^^^^^^^^^^^^^^^^^^^^^^^^^^^^^^^^^^^^^^^^^^^^^^^^^^^
  File "/opt/klipper/klippy/klippy.py", line 223, in <listcomp>
    return [cb(*params) for cb in self.event_handlers.get(event, [])]
            ^^^^^^^^^^^
  File "/opt/klipper/klippy/mcu.py", line 799, in _mcu_identify
    raise error(str(e))
mcu.error: mcu 'mcu': Unable to connect
mcu 'mcu': Unable to connect
Once the underlying issue is corrected, use the
"FIRMWARE_RESTART" command to reset the firmware, reload the
config, and restart the host software.
Error configuring printer

No build file /opt/klipper/klippy/../.config
No build file /opt/klipper/klippy/../out/klipper.dict
No build file /opt/klipper/klippy/../out/klipper.elf
Starting Klippy...
Args: ['/opt/klipper/klippy/klippy.py', '/opt/printer_data/config/printer.cfg', '-a', '/opt/printer_data/run/klippy.sock', '-l', '/opt/printer_data/logs/klippy.log']
Git version: '?'
Branch: ?
Remote: ?
Tracked URL: ?
CPU: 4 core ?
Python: '3.11.2 (main, May 12 2026, 05:17:27) [GCC 12.2.0]'
Start printer at Wed Sep  2 19:24:03 2026 (1788351843.6 83980.9)
===== Config file =====
[stepper_x]
step_pin = PC2
dir_pin = PB9
enable_pin = !PC3
microsteps = 16
rotation_distance = 40
endstop_pin = ^PA5
position_endstop = 0
position_max = 235
homing_speed = 50

[stepper_y]
step_pin = PB8
dir_pin = PB7
enable_pin = !PC3
microsteps = 16
rotation_distance = 40
endstop_pin = ^PA6
position_endstop = 0
position_max = 235
homing_speed = 50

[stepper_z]
step_pin = PB6
dir_pin = !PB5
enable_pin = !PC3
microsteps = 16
rotation_distance = 8
endstop_pin = ^PA7
position_endstop = 0.0
position_max = 250

[extruder]
max_extrude_only_distance = 100.0
step_pin = PB4
dir_pin = PB3
enable_pin = !PC3
microsteps = 16
rotation_distance = 34.406
nozzle_diameter = 0.400
filament_diameter = 1.750
heater_pin = PA1
sensor_type = EPCOS 100K B57560G104F
sensor_pin = PC5
control = pid
pid_kp = 21.527
pid_ki = 1.063
pid_kd = 108.982
min_temp = 0
max_temp = 250

[heater_bed]
heater_pin = PA2
sensor_type = EPCOS 100K B57560G104F
sensor_pin = PC4
control = pid
pid_kp = 54.027
pid_ki = 0.770
pid_kd = 948.182
min_temp = 0
max_temp = 130

[fan]
pin = PA0

[mcu]
serial = /dev/serial/by-id/usb-1a86_USB_Serial-if00-port0
restart_method = command

[printer]
kinematics = cartesian
max_velocity = 300
max_accel = 3000
max_z_velocity = 5
max_z_accel = 100

[display]
lcd_type = st7920
cs_pin = PB12
sclk_pin = PB13
sid_pin = PB15
encoder_pins = ^PB14, ^PB10
click_pin = ^!PB2
=======================
Extruder max_extrude_ratio=0.266081
mcu 'mcu': Starting serial connect
mcu 'mcu': Unable to open serial port: [Errno 2] could not open port /dev/serial/by-id/usb-1a86_USB_Serial-if00-port0: [Errno 2] No such file or directory: '/dev/serial/by-id/usb-1a86_USB_Serial-if00-port0'
mcu 'mcu': Unable to open serial port: [Errno 2] could not open port /dev/serial/by-id/usb-1a86_USB_Serial-if00-port0: [Errno 2] No such file or directory: '/dev/serial/by-id/usb-1a86_USB_Serial-if00-port0'
mcu 'mcu': Unable to open serial port: [Errno 2] could not open port /dev/serial/by-id/usb-1a86_USB_Serial-if00-port0: [Errno 2] No such file or directory: '/dev/serial/by-id/usb-1a86_USB_Serial-if00-port0'
mcu 'mcu': Unable to open serial port: [Errno 2] could not open port /dev/serial/by-id/usb-1a86_USB_Serial-if00-port0: [Errno 2] No such file or directory: '/dev/serial/by-id/usb-1a86_USB_Serial-if00-port0'
mcu 'mcu': Unable to open serial port: [Errno 2] could not open port /dev/serial/by-id/usb-1a86_USB_Serial-if00-port0: [Errno 2] No such file or directory: '/dev/serial/by-id/usb-1a86_USB_Serial-if00-port0'
mcu 'mcu': Unable to open serial port: [Errno 2] could not open port /dev/serial/by-id/usb-1a86_USB_Serial-if00-port0: [Errno 2] No such file or directory: '/dev/serial/by-id/usb-1a86_USB_Serial-if00-port0'
mcu 'mcu': Unable to open serial port: [Errno 2] could not open port /dev/serial/by-id/usb-1a86_USB_Serial-if00-port0: [Errno 2] No such file or directory: '/dev/serial/by-id/usb-1a86_USB_Serial-if00-port0'
mcu 'mcu': Unable to open serial port: [Errno 2] could not open port /dev/serial/by-id/usb-1a86_USB_Serial-if00-port0: [Errno 2] No such file or directory: '/dev/serial/by-id/usb-1a86_USB_Serial-if00-port0'
mcu 'mcu': Unable to open serial port: [Errno 2] could not open port /dev/serial/by-id/usb-1a86_USB_Serial-if00-port0: [Errno 2] No such file or directory: '/dev/serial/by-id/usb-1a86_USB_Serial-if00-port0'
mcu 'mcu': Unable to open serial port: [Errno 2] could not open port /dev/serial/by-id/usb-1a86_USB_Serial-if00-port0: [Errno 2] No such file or directory: '/dev/serial/by-id/usb-1a86_USB_Serial-if00-port0'
mcu 'mcu': Unable to open serial port: [Errno 2] could not open port /dev/serial/by-id/usb-1a86_USB_Serial-if00-port0: [Errno 2] No such file or directory: '/dev/serial/by-id/usb-1a86_USB_Serial-if00-port0'
mcu 'mcu': Unable to open serial port: [Errno 2] could not open port /dev/serial/by-id/usb-1a86_USB_Serial-if00-port0: [Errno 2] No such file or directory: '/dev/serial/by-id/usb-1a86_USB_Serial-if00-port0'
mcu 'mcu': Unable to open serial port: [Errno 2] could not open port /dev/serial/by-id/usb-1a86_USB_Serial-if00-port0: [Errno 2] No such file or directory: '/dev/serial/by-id/usb-1a86_USB_Serial-if00-port0'
mcu 'mcu': Unable to open serial port: [Errno 2] could not open port /dev/serial/by-id/usb-1a86_USB_Serial-if00-port0: [Errno 2] No such file or directory: '/dev/serial/by-id/usb-1a86_USB_Serial-if00-port0'
mcu 'mcu': Unable to open serial port: [Errno 2] could not open port /dev/serial/by-id/usb-1a86_USB_Serial-if00-port0: [Errno 2] No such file or directory: '/dev/serial/by-id/usb-1a86_USB_Serial-if00-port0'
mcu 'mcu': Unable to open serial port: [Errno 2] could not open port /dev/serial/by-id/usb-1a86_USB_Serial-if00-port0: [Errno 2] No such file or directory: '/dev/serial/by-id/usb-1a86_USB_Serial-if00-port0'
mcu 'mcu': Unable to open serial port: [Errno 2] could not open port /dev/serial/by-id/usb-1a86_USB_Serial-if00-port0: [Errno 2] No such file or directory: '/dev/serial/by-id/usb-1a86_USB_Serial-if00-port0'
mcu 'mcu': Unable to open serial port: [Errno 2] could not open port /dev/serial/by-id/usb-1a86_USB_Serial-if00-port0: [Errno 2] No such file or directory: '/dev/serial/by-id/usb-1a86_USB_Serial-if00-port0'
MCU error during connect
Traceback (most recent call last):
  File "/opt/klipper/klippy/mcu.py", line 794, in _mcu_identify
    self._serial.connect_uart(self._serialport, self._baud, rts)
  File "/opt/klipper/klippy/serialhdl.py", line 183, in connect_uart
    self._error("Unable to connect")
  File "/opt/klipper/klippy/serialhdl.py", line 61, in _error
    raise error(self.warn_prefix + (msg % params))
serialhdl.error: mcu 'mcu': Unable to connect

During handling of the above exception, another exception occurred:

Traceback (most recent call last):
  File "/opt/klipper/klippy/klippy.py", line 131, in _connect
    self.send_event("klippy:mcu_identify")
  File "/opt/klipper/klippy/klippy.py", line 223, in send_event
    return [cb(*params) for cb in self.event_handlers.get(event, [])]
           ^^^^^^^^^^^^^^^^^^^^^^^^^^^^^^^^^^^^^^^^^^^^^^^^^^^^^^^^^^
  File "/opt/klipper/klippy/klippy.py", line 223, in <listcomp>
    return [cb(*params) for cb in self.event_handlers.get(event, [])]
            ^^^^^^^^^^^
  File "/opt/klipper/klippy/mcu.py", line 799, in _mcu_identify
    raise error(str(e))
mcu.error: mcu 'mcu': Unable to connect
mcu 'mcu': Unable to connect
Once the underlying issue is corrected, use the
"FIRMWARE_RESTART" command to reset the firmware, reload the
config, and restart the host software.
Error configuring printer

No build file /opt/klipper/klippy/../.config
No build file /opt/klipper/klippy/../out/klipper.dict
No build file /opt/klipper/klippy/../out/klipper.elf
Starting Klippy...
Args: ['/opt/klipper/klippy/klippy.py', '/opt/printer_data/config/printer.cfg', '-a', '/opt/printer_data/run/klippy.sock', '-l', '/opt/printer_data/logs/klippy.log']
Git version: '?'
Branch: ?
Remote: ?
Tracked URL: ?
CPU: 4 core ?
Python: '3.11.2 (main, May 12 2026, 05:17:27) [GCC 12.2.0]'
Building C code module c_helper.so
Start printer at Wed Sep  2 19:36:24 2026 (1788352584.9 84722.2)
===== Config file =====
[stepper_x]
step_pin = PC2
dir_pin = PB9
enable_pin = !PC3
microsteps = 16
rotation_distance = 40
endstop_pin = ^PA5
position_endstop = 0
position_max = 235
homing_speed = 50

[stepper_y]
step_pin = PB8
dir_pin = PB7
enable_pin = !PC3
microsteps = 16
rotation_distance = 40
endstop_pin = ^PA6
position_endstop = 0
position_max = 235
homing_speed = 50

[stepper_z]
step_pin = PB6
dir_pin = !PB5
enable_pin = !PC3
microsteps = 16
rotation_distance = 8
endstop_pin = ^PA7
position_endstop = 0.0
position_max = 250

[extruder]
max_extrude_only_distance = 100.0
step_pin = PB4
dir_pin = PB3
enable_pin = !PC3
microsteps = 16
rotation_distance = 34.406
nozzle_diameter = 0.400
filament_diameter = 1.750
heater_pin = PA1
sensor_type = EPCOS 100K B57560G104F
sensor_pin = PC5
control = pid
pid_kp = 21.527
pid_ki = 1.063
pid_kd = 108.982
min_temp = 0
max_temp = 250

[heater_bed]
heater_pin = PA2
sensor_type = EPCOS 100K B57560G104F
sensor_pin = PC4
control = pid
pid_kp = 54.027
pid_ki = 0.770
pid_kd = 948.182
min_temp = 0
max_temp = 130

[fan]
pin = PA0

[mcu]
serial = /dev/serial/by-id/usb-1a86_USB_Serial-if00-port0
restart_method = command

[printer]
kinematics = cartesian
max_velocity = 300
max_accel = 3000
max_z_velocity = 5
max_z_accel = 100

[display]
lcd_type = st7920
cs_pin = PB12
sclk_pin = PB13
sid_pin = PB15
encoder_pins = ^PB14, ^PB10
click_pin = ^!PB2
=======================
Extruder max_extrude_ratio=0.266081
mcu 'mcu': Starting serial connect
mcu 'mcu': Unable to open serial port: [Errno 2] could not open port /dev/serial/by-id/usb-1a86_USB_Serial-if00-port0: [Errno 2] No such file or directory: '/dev/serial/by-id/usb-1a86_USB_Serial-if00-port0'
webhooks client 281473494433552: New connection
webhooks client 281473494433552: Client info {'program': 'Moonraker', 'version': '?'}
mcu 'mcu': Unable to open serial port: [Errno 2] could not open port /dev/serial/by-id/usb-1a86_USB_Serial-if00-port0: [Errno 2] No such file or directory: '/dev/serial/by-id/usb-1a86_USB_Serial-if00-port0'
mcu 'mcu': Unable to open serial port: [Errno 2] could not open port /dev/serial/by-id/usb-1a86_USB_Serial-if00-port0: [Errno 2] No such file or directory: '/dev/serial/by-id/usb-1a86_USB_Serial-if00-port0'
mcu 'mcu': Unable to open serial port: [Errno 2] could not open port /dev/serial/by-id/usb-1a86_USB_Serial-if00-port0: [Errno 2] No such file or directory: '/dev/serial/by-id/usb-1a86_USB_Serial-if00-port0'
mcu 'mcu': Unable to open serial port: [Errno 2] could not open port /dev/serial/by-id/usb-1a86_USB_Serial-if00-port0: [Errno 2] No such file or directory: '/dev/serial/by-id/usb-1a86_USB_Serial-if00-port0'
mcu 'mcu': Unable to open serial port: [Errno 2] could not open port /dev/serial/by-id/usb-1a86_USB_Serial-if00-port0: [Errno 2] No such file or directory: '/dev/serial/by-id/usb-1a86_USB_Serial-if00-port0'
mcu 'mcu': Unable to open serial port: [Errno 2] could not open port /dev/serial/by-id/usb-1a86_USB_Serial-if00-port0: [Errno 2] No such file or directory: '/dev/serial/by-id/usb-1a86_USB_Serial-if00-port0'
mcu 'mcu': Unable to open serial port: [Errno 2] could not open port /dev/serial/by-id/usb-1a86_USB_Serial-if00-port0: [Errno 2] No such file or directory: '/dev/serial/by-id/usb-1a86_USB_Serial-if00-port0'
mcu 'mcu': Unable to open serial port: [Errno 2] could not open port /dev/serial/by-id/usb-1a86_USB_Serial-if00-port0: [Errno 2] No such file or directory: '/dev/serial/by-id/usb-1a86_USB_Serial-if00-port0'
mcu 'mcu': Unable to open serial port: [Errno 2] could not open port /dev/serial/by-id/usb-1a86_USB_Serial-if00-port0: [Errno 2] No such file or directory: '/dev/serial/by-id/usb-1a86_USB_Serial-if00-port0'
mcu 'mcu': Unable to open serial port: [Errno 2] could not open port /dev/serial/by-id/usb-1a86_USB_Serial-if00-port0: [Errno 2] No such file or directory: '/dev/serial/by-id/usb-1a86_USB_Serial-if00-port0'
mcu 'mcu': Unable to open serial port: [Errno 2] could not open port /dev/serial/by-id/usb-1a86_USB_Serial-if00-port0: [Errno 2] No such file or directory: '/dev/serial/by-id/usb-1a86_USB_Serial-if00-port0'
mcu 'mcu': Unable to open serial port: [Errno 2] could not open port /dev/serial/by-id/usb-1a86_USB_Serial-if00-port0: [Errno 2] No such file or directory: '/dev/serial/by-id/usb-1a86_USB_Serial-if00-port0'
mcu 'mcu': Unable to open serial port: [Errno 2] could not open port /dev/serial/by-id/usb-1a86_USB_Serial-if00-port0: [Errno 2] No such file or directory: '/dev/serial/by-id/usb-1a86_USB_Serial-if00-port0'
mcu 'mcu': Unable to open serial port: [Errno 2] could not open port /dev/serial/by-id/usb-1a86_USB_Serial-if00-port0: [Errno 2] No such file or directory: '/dev/serial/by-id/usb-1a86_USB_Serial-if00-port0'
mcu 'mcu': Unable to open serial port: [Errno 2] could not open port /dev/serial/by-id/usb-1a86_USB_Serial-if00-port0: [Errno 2] No such file or directory: '/dev/serial/by-id/usb-1a86_USB_Serial-if00-port0'
webhooks client 281473494433552: Disconnected
mcu 'mcu': Unable to open serial port: [Errno 2] could not open port /dev/serial/by-id/usb-1a86_USB_Serial-if00-port0: [Errno 2] No such file or directory: '/dev/serial/by-id/usb-1a86_USB_Serial-if00-port0'
mcu 'mcu': Unable to open serial port: [Errno 2] could not open port /dev/serial/by-id/usb-1a86_USB_Serial-if00-port0: [Errno 2] No such file or directory: '/dev/serial/by-id/usb-1a86_USB_Serial-if00-port0'
MCU error during connect
Traceback (most recent call last):
  File "/opt/klipper/klippy/mcu.py", line 794, in _mcu_identify
    self._serial.connect_uart(self._serialport, self._baud, rts)
  File "/opt/klipper/klippy/serialhdl.py", line 183, in connect_uart
    self._error("Unable to connect")
  File "/opt/klipper/klippy/serialhdl.py", line 61, in _error
    raise error(self.warn_prefix + (msg % params))
serialhdl.error: mcu 'mcu': Unable to connect

During handling of the above exception, another exception occurred:

Traceback (most recent call last):
  File "/opt/klipper/klippy/klippy.py", line 131, in _connect
    self.send_event("klippy:mcu_identify")
  File "/opt/klipper/klippy/klippy.py", line 223, in send_event
    return [cb(*params) for cb in self.event_handlers.get(event, [])]
           ^^^^^^^^^^^^^^^^^^^^^^^^^^^^^^^^^^^^^^^^^^^^^^^^^^^^^^^^^^
  File "/opt/klipper/klippy/klippy.py", line 223, in <listcomp>
    return [cb(*params) for cb in self.event_handlers.get(event, [])]
            ^^^^^^^^^^^
  File "/opt/klipper/klippy/mcu.py", line 799, in _mcu_identify
    raise error(str(e))
mcu.error: mcu 'mcu': Unable to connect
mcu 'mcu': Unable to connect
Once the underlying issue is corrected, use the
"FIRMWARE_RESTART" command to reset the firmware, reload the
config, and restart the host software.
Error configuring printer

No build file /opt/klipper/klippy/../.config
No build file /opt/klipper/klippy/../out/klipper.dict
No build file /opt/klipper/klippy/../out/klipper.elf
Starting Klippy...
Args: ['/opt/klipper/klippy/klippy.py', '/opt/printer_data/config/printer.cfg', '-a', '/opt/printer_data/run/klippy.sock', '-l', '/opt/printer_data/logs/klippy.log']
Git version: '?'
Branch: ?
Remote: ?
Tracked URL: ?
CPU: 4 core ?
Python: '3.11.2 (main, May 12 2026, 05:17:27) [GCC 12.2.0]'
Building C code module c_helper.so
Start printer at Wed Sep  2 19:42:08 2026 (1788352928.6 85066.0)
===== Config file =====
[stepper_x]
step_pin = PC2
dir_pin = PB9
enable_pin = !PC3
microsteps = 16
rotation_distance = 40
endstop_pin = ^PA5
position_endstop = 0
position_max = 235
homing_speed = 50

[stepper_y]
step_pin = PB8
dir_pin = PB7
enable_pin = !PC3
microsteps = 16
rotation_distance = 40
endstop_pin = ^PA6
position_endstop = 0
position_max = 235
homing_speed = 50

[stepper_z]
step_pin = PB6
dir_pin = !PB5
enable_pin = !PC3
microsteps = 16
rotation_distance = 8
endstop_pin = ^PA7
position_endstop = 0.0
position_max = 250

[extruder]
max_extrude_only_distance = 100.0
step_pin = PB4
dir_pin = PB3
enable_pin = !PC3
microsteps = 16
rotation_distance = 34.406
nozzle_diameter = 0.400
filament_diameter = 1.750
heater_pin = PA1
sensor_type = EPCOS 100K B57560G104F
sensor_pin = PC5
control = pid
pid_kp = 21.527
pid_ki = 1.063
pid_kd = 108.982
min_temp = 0
max_temp = 250

[heater_bed]
heater_pin = PA2
sensor_type = EPCOS 100K B57560G104F
sensor_pin = PC4
control = pid
pid_kp = 54.027
pid_ki = 0.770
pid_kd = 948.182
min_temp = 0
max_temp = 130

[fan]
pin = PA0

[mcu]
serial = /dev/serial/by-id/usb-1a86_USB_Serial-if00-port0
restart_method = command

[printer]
kinematics = cartesian
max_velocity = 300
max_accel = 3000
max_z_velocity = 5
max_z_accel = 100

[display]
lcd_type = st7920
cs_pin = PB12
sclk_pin = PB13
sid_pin = PB15
encoder_pins = ^PB14, ^PB10
click_pin = ^!PB2
=======================
Extruder max_extrude_ratio=0.266081
mcu 'mcu': Starting serial connect
mcu 'mcu': Unable to open serial port: [Errno 2] could not open port /dev/serial/by-id/usb-1a86_USB_Serial-if00-port0: [Errno 2] No such file or directory: '/dev/serial/by-id/usb-1a86_USB_Serial-if00-port0'
webhooks client 281473119483984: New connection
webhooks client 281473119483984: Client info {'program': 'Moonraker', 'version': '?'}
mcu 'mcu': Unable to open serial port: [Errno 2] could not open port /dev/serial/by-id/usb-1a86_USB_Serial-if00-port0: [Errno 2] No such file or directory: '/dev/serial/by-id/usb-1a86_USB_Serial-if00-port0'
mcu 'mcu': Unable to open serial port: [Errno 2] could not open port /dev/serial/by-id/usb-1a86_USB_Serial-if00-port0: [Errno 2] No such file or directory: '/dev/serial/by-id/usb-1a86_USB_Serial-if00-port0'
mcu 'mcu': Unable to open serial port: [Errno 2] could not open port /dev/serial/by-id/usb-1a86_USB_Serial-if00-port0: [Errno 2] No such file or directory: '/dev/serial/by-id/usb-1a86_USB_Serial-if00-port0'
mcu 'mcu': Unable to open serial port: [Errno 2] could not open port /dev/serial/by-id/usb-1a86_USB_Serial-if00-port0: [Errno 2] No such file or directory: '/dev/serial/by-id/usb-1a86_USB_Serial-if00-port0'
mcu 'mcu': Unable to open serial port: [Errno 2] could not open port /dev/serial/by-id/usb-1a86_USB_Serial-if00-port0: [Errno 2] No such file or directory: '/dev/serial/by-id/usb-1a86_USB_Serial-if00-port0'
mcu 'mcu': Unable to open serial port: [Errno 2] could not open port /dev/serial/by-id/usb-1a86_USB_Serial-if00-port0: [Errno 2] No such file or directory: '/dev/serial/by-id/usb-1a86_USB_Serial-if00-port0'
mcu 'mcu': Unable to open serial port: [Errno 2] could not open port /dev/serial/by-id/usb-1a86_USB_Serial-if00-port0: [Errno 2] No such file or directory: '/dev/serial/by-id/usb-1a86_USB_Serial-if00-port0'
mcu 'mcu': Unable to open serial port: [Errno 2] could not open port /dev/serial/by-id/usb-1a86_USB_Serial-if00-port0: [Errno 2] No such file or directory: '/dev/serial/by-id/usb-1a86_USB_Serial-if00-port0'
mcu 'mcu': Unable to open serial port: [Errno 2] could not open port /dev/serial/by-id/usb-1a86_USB_Serial-if00-port0: [Errno 2] No such file or directory: '/dev/serial/by-id/usb-1a86_USB_Serial-if00-port0'
mcu 'mcu': Unable to open serial port: [Errno 2] could not open port /dev/serial/by-id/usb-1a86_USB_Serial-if00-port0: [Errno 2] No such file or directory: '/dev/serial/by-id/usb-1a86_USB_Serial-if00-port0'
mcu 'mcu': Unable to open serial port: [Errno 2] could not open port /dev/serial/by-id/usb-1a86_USB_Serial-if00-port0: [Errno 2] No such file or directory: '/dev/serial/by-id/usb-1a86_USB_Serial-if00-port0'
mcu 'mcu': Unable to open serial port: [Errno 2] could not open port /dev/serial/by-id/usb-1a86_USB_Serial-if00-port0: [Errno 2] No such file or directory: '/dev/serial/by-id/usb-1a86_USB_Serial-if00-port0'
mcu 'mcu': Unable to open serial port: [Errno 2] could not open port /dev/serial/by-id/usb-1a86_USB_Serial-if00-port0: [Errno 2] No such file or directory: '/dev/serial/by-id/usb-1a86_USB_Serial-if00-port0'
mcu 'mcu': Unable to open serial port: [Errno 2] could not open port /dev/serial/by-id/usb-1a86_USB_Serial-if00-port0: [Errno 2] No such file or directory: '/dev/serial/by-id/usb-1a86_USB_Serial-if00-port0'
mcu 'mcu': Unable to open serial port: [Errno 2] could not open port /dev/serial/by-id/usb-1a86_USB_Serial-if00-port0: [Errno 2] No such file or directory: '/dev/serial/by-id/usb-1a86_USB_Serial-if00-port0'
mcu 'mcu': Unable to open serial port: [Errno 2] could not open port /dev/serial/by-id/usb-1a86_USB_Serial-if00-port0: [Errno 2] No such file or directory: '/dev/serial/by-id/usb-1a86_USB_Serial-if00-port0'
webhooks client 281473119483984: Disconnected
mcu 'mcu': Unable to open serial port: [Errno 2] could not open port /dev/serial/by-id/usb-1a86_USB_Serial-if00-port0: [Errno 2] No such file or directory: '/dev/serial/by-id/usb-1a86_USB_Serial-if00-port0'
MCU error during connect
Traceback (most recent call last):
  File "/opt/klipper/klippy/mcu.py", line 794, in _mcu_identify
    self._serial.connect_uart(self._serialport, self._baud, rts)
  File "/opt/klipper/klippy/serialhdl.py", line 183, in connect_uart
    self._error("Unable to connect")
  File "/opt/klipper/klippy/serialhdl.py", line 61, in _error
    raise error(self.warn_prefix + (msg % params))
serialhdl.error: mcu 'mcu': Unable to connect

During handling of the above exception, another exception occurred:

Traceback (most recent call last):
  File "/opt/klipper/klippy/klippy.py", line 131, in _connect
    self.send_event("klippy:mcu_identify")
  File "/opt/klipper/klippy/klippy.py", line 223, in send_event
    return [cb(*params) for cb in self.event_handlers.get(event, [])]
           ^^^^^^^^^^^^^^^^^^^^^^^^^^^^^^^^^^^^^^^^^^^^^^^^^^^^^^^^^^
  File "/opt/klipper/klippy/klippy.py", line 223, in <listcomp>
    return [cb(*params) for cb in self.event_handlers.get(event, [])]
            ^^^^^^^^^^^
  File "/opt/klipper/klippy/mcu.py", line 799, in _mcu_identify
    raise error(str(e))
mcu.error: mcu 'mcu': Unable to connect
mcu 'mcu': Unable to connect
Once the underlying issue is corrected, use the
"FIRMWARE_RESTART" command to reset the firmware, reload the
config, and restart the host software.
Error configuring printer

No build file /opt/klipper/klippy/../.config
No build file /opt/klipper/klippy/../out/klipper.dict
No build file /opt/klipper/klippy/../out/klipper.elf
webhooks client 281473117085264: New connection
webhooks client 281473117085264: Client info {'program': 'Moonraker', 'version': '?'}
